Component: Arm Compiler for Embedded 6.22 Tool: armlink [5ee90200]

==============================================================================

Section Cross References

    startup_stm32h723xx.o(RESET) refers to startup_stm32h723xx.o(STACK) for __initial_sp
    startup_stm32h723xx.o(RESET) refers to startup_stm32h723xx.o(.text) for Reset_Handler
    startup_stm32h723xx.o(RESET) refers to stm32h7xx_it.o(.text.NMI_Handler) for NMI_Handler
    startup_stm32h723xx.o(RESET) refers to stm32h7xx_it.o(.text.HardFault_Handler) for HardFault_Handler
    startup_stm32h723xx.o(RESET) refers to stm32h7xx_it.o(.text.MemManage_Handler) for MemManage_Handler
    startup_stm32h723xx.o(RESET) refers to stm32h7xx_it.o(.text.BusFault_Handler) for BusFault_Handler
    startup_stm32h723xx.o(RESET) refers to stm32h7xx_it.o(.text.UsageFault_Handler) for UsageFault_Handler
    startup_stm32h723xx.o(RESET) refers to port.o(.text.SVC_Handler) for SVC_Handler
    startup_stm32h723xx.o(RESET) refers to stm32h7xx_it.o(.text.DebugMon_Handler) for DebugMon_Handler
    startup_stm32h723xx.o(RESET) refers to port.o(.text.PendSV_Handler) for PendSV_Handler
    startup_stm32h723xx.o(RESET) refers to port.o(.text.SysTick_Handler) for SysTick_Handler
    startup_stm32h723xx.o(RESET) refers to stm32h7xx_it.o(.text.DMA1_Stream0_IRQHandler) for DMA1_Stream0_IRQHandler
    startup_stm32h723xx.o(RESET) refers to stm32h7xx_it.o(.text.DMA1_Stream1_IRQHandler) for DMA1_Stream1_IRQHandler
    startup_stm32h723xx.o(RESET) refers to stm32h7xx_it.o(.text.FDCAN1_IT0_IRQHandler) for FDCAN1_IT0_IRQHandler
    startup_stm32h723xx.o(RESET) refers to stm32h7xx_it.o(.text.FDCAN1_IT1_IRQHandler) for FDCAN1_IT1_IRQHandler
    startup_stm32h723xx.o(RESET) refers to stm32h7xx_it.o(.text.SPI2_IRQHandler) for SPI2_IRQHandler
    startup_stm32h723xx.o(RESET) refers to stm32h7xx_it.o(.text.USART1_IRQHandler) for USART1_IRQHandler
    startup_stm32h723xx.o(RESET) refers to stm32h7xx_it.o(.text.USART2_IRQHandler) for USART2_IRQHandler
    startup_stm32h723xx.o(RESET) refers to stm32h7xx_it.o(.text.OTG_HS_IRQHandler) for OTG_HS_IRQHandler
    startup_stm32h723xx.o(RESET) refers to stm32h7xx_it.o(.text.TIM17_IRQHandler) for TIM17_IRQHandler
    startup_stm32h723xx.o(.text) refers to system_stm32h7xx.o(.text.SystemInit) for SystemInit
    startup_stm32h723xx.o(.text) refers to entry.o(.ARM.Collect$$$$00000000) for __main
    usbd_conf.o(.text.HAL_PCD_MspInit) refers to memseta.o(.text) for __aeabi_memclr8
    usbd_conf.o(.text.HAL_PCD_MspInit) refers to stm32h7xx_hal_rcc_ex.o(.text.HAL_RCCEx_PeriphCLKConfig) for HAL_RCCEx_PeriphCLKConfig
    usbd_conf.o(.text.HAL_PCD_MspInit) refers to main.o(.text.Error_Handler) for Error_Handler
    usbd_conf.o(.text.HAL_PCD_MspInit) refers to stm32h7xx_hal_pwr_ex.o(.text.HAL_PWREx_EnableUSBVoltageDetector) for HAL_PWREx_EnableUSBVoltageDetector
    usbd_conf.o(.text.HAL_PCD_MspInit) refers to stm32h7xx_hal_cortex.o(.text.HAL_NVIC_SetPriority) for HAL_NVIC_SetPriority
    usbd_conf.o(.text.HAL_PCD_MspInit) refers to stm32h7xx_hal_cortex.o(.text.HAL_NVIC_EnableIRQ) for HAL_NVIC_EnableIRQ
    usbd_conf.o(.ARM.exidx.text.HAL_PCD_MspInit) refers to usbd_conf.o(.text.HAL_PCD_MspInit) for [Anonymous Symbol]
    usbd_conf.o(.text.HAL_PCD_MspDeInit) refers to stm32h7xx_hal_cortex.o(.text.HAL_NVIC_DisableIRQ) for HAL_NVIC_DisableIRQ
    usbd_conf.o(.ARM.exidx.text.HAL_PCD_MspDeInit) refers to usbd_conf.o(.text.HAL_PCD_MspDeInit) for [Anonymous Symbol]
    usbd_conf.o(.text.HAL_PCD_SetupStageCallback) refers to usbd_core.o(.text.USBD_LL_SetupStage) for USBD_LL_SetupStage
    usbd_conf.o(.ARM.exidx.text.HAL_PCD_SetupStageCallback) refers to usbd_conf.o(.text.HAL_PCD_SetupStageCallback) for [Anonymous Symbol]
    usbd_conf.o(.text.HAL_PCD_DataOutStageCallback) refers to usbd_core.o(.text.USBD_LL_DataOutStage) for USBD_LL_DataOutStage
    usbd_conf.o(.ARM.exidx.text.HAL_PCD_DataOutStageCallback) refers to usbd_conf.o(.text.HAL_PCD_DataOutStageCallback) for [Anonymous Symbol]
    usbd_conf.o(.text.HAL_PCD_DataInStageCallback) refers to usbd_core.o(.text.USBD_LL_DataInStage) for USBD_LL_DataInStage
    usbd_conf.o(.ARM.exidx.text.HAL_PCD_DataInStageCallback) refers to usbd_conf.o(.text.HAL_PCD_DataInStageCallback) for [Anonymous Symbol]
    usbd_conf.o(.text.HAL_PCD_SOFCallback) refers to usbd_core.o(.text.USBD_LL_SOF) for USBD_LL_SOF
    usbd_conf.o(.ARM.exidx.text.HAL_PCD_SOFCallback) refers to usbd_conf.o(.text.HAL_PCD_SOFCallback) for [Anonymous Symbol]
    usbd_conf.o(.text.HAL_PCD_ResetCallback) refers to main.o(.text.Error_Handler) for Error_Handler
    usbd_conf.o(.text.HAL_PCD_ResetCallback) refers to usbd_core.o(.text.USBD_LL_SetSpeed) for USBD_LL_SetSpeed
    usbd_conf.o(.text.HAL_PCD_ResetCallback) refers to usbd_core.o(.text.USBD_LL_Reset) for USBD_LL_Reset
    usbd_conf.o(.ARM.exidx.text.HAL_PCD_ResetCallback) refers to usbd_conf.o(.text.HAL_PCD_ResetCallback) for [Anonymous Symbol]
[...]
    0x08002f50   0x08002f50   0x00000010   Code   RO         2931    .text.FDCAN1_IT1_IRQHandler  stm32h7xx_it.o
    0x08002f60   0x08002f60   0x000002c2   Code   RO         1194    .text.FDCAN_CalcultateRamBlockAddresses  stm32h7xx_hal_fdcan.o
    0x08003222   0x08003222   0x00000006   PAD
    0x08003228   0x08003228   0x000000b6   Code   RO         1264    .text.FDCAN_CopyMessageToRAM  stm32h7xx_hal_fdcan.o
    0x080032de   0x080032de   0x00000002   PAD
    0x080032e0   0x080032e0   0x0000005c   Code   RO         2258    .text.Get_SerialNum  usbd_desc.o
    0x0800333c   0x0800333c   0x00000004   PAD
    0x08003340   0x08003340   0x00000978   Code   RO          564    .text.HAL_DMA_Abort  stm32h7xx_hal_dma.o
    0x08003cb8   0x08003cb8   0x000006aa   Code   RO          566    .text.HAL_DMA_Abort_IT  stm32h7xx_hal_dma.o
    0x08004362   0x08004362   0x00000006   PAD
    0x08004368   0x08004368   0x000011c0   Code   RO          570    .text.HAL_DMA_IRQHandler  stm32h7xx_hal_dma.o
    0x08005528   0x08005528   0x00000960   Code   RO          546    .text.HAL_DMA_Init  stm32h7xx_hal_dma.o
    0x08005e88   0x08005e88   0x00000042   Code   RO          879    .text.HAL_Delay     stm32h7xx_hal.o
    0x08005eca   0x08005eca   0x00000006   PAD
    0x08005ed0   0x08005ed0   0x000000fe   Code   RO         1342    .text.HAL_FDCAN_ActivateNotification  stm32h7xx_hal_fdcan.o
    0x08005fce   0x08005fce   0x00000002   PAD
    0x08005fd0   0x08005fd0   0x000000ca   Code   RO         1262    .text.HAL_FDCAN_AddMessageToTxFifoQ  stm32h7xx_hal_fdcan.o
    0x0800609a   0x0800609a   0x00000006   PAD
    0x080060a0   0x080060a0   0x0000000a   Code   RO         1356    .text.HAL_FDCAN_ClockCalibrationCallback  stm32h7xx_hal_fdcan.o
    0x080060aa   0x080060aa   0x00000006   PAD
    0x080060b0   0x080060b0   0x000000a8   Code   RO         1222    .text.HAL_FDCAN_ConfigFifoWatermark  stm32h7xx_hal_fdcan.o
    0x08006158   0x08006158   0x00000116   Code   RO         1214    .text.HAL_FDCAN_ConfigFilter  stm32h7xx_hal_fdcan.o
    0x0800626e   0x0800626e   0x00000002   PAD
    0x08006270   0x08006270   0x0000005c   Code   RO         1216    .text.HAL_FDCAN_ConfigGlobalFilter  stm32h7xx_hal_fdcan.o
    0x080062cc   0x080062cc   0x00000004   PAD
    0x080062d0   0x080062d0   0x00000008   Code   RO         1384    .text.HAL_FDCAN_ErrorCallback  stm32h7xx_hal_fdcan.o
    0x080062d8   0x080062d8   0x0000000a   Code   RO         1374    .text.HAL_FDCAN_ErrorStatusCallback  stm32h7xx_hal_fdcan.o
    0x080062e2   0x080062e2   0x00000006   PAD
    0x080062e8   0x080062e8   0x000002fc   Code   RO         1274    .text.HAL_FDCAN_GetRxMessage  stm32h7xx_hal_fdcan.o
    0x080065e4   0x080065e4   0x00000004   PAD
    0x080065e8   0x080065e8   0x00000008   Code   RO         1352    .text.HAL_FDCAN_HighPriorityMessageCallback  stm32h7xx_hal_fdcan.o
    0x080065f0   0x080065f0   0x000005e2   Code   RO         1350    .text.HAL_FDCAN_IRQHandler  stm32h7xx_hal_fdcan.o
    0x08006bd2   0x08006bd2   0x00000006   PAD
    0x08006bd8   0x08006bd8   0x000003e0   Code   RO         1190    .text.HAL_FDCAN_Init  stm32h7xx_hal_fdcan.o
    0x08006fb8   0x08006fb8   0x000000ee   Code   RO         2843    .text.HAL_FDCAN_MspInit  fdcan.o
    0x080070a6   0x080070a6   0x00000002   PAD
    0x080070a8   0x080070a8   0x00000008   Code   RO         1368    .text.HAL_FDCAN_RxBufferNewMessageCallback  stm32h7xx_hal_fdcan.o
    0x080070b0   0x080070b0   0x0000002e   Code   RO         3048    .text.HAL_FDCAN_RxFifo0Callback  can_bsp.o
    0x080070de   0x080070de   0x00000002   PAD
    0x080070e0   0x080070e0   0x0000000a   Code   RO         1362    .text.HAL_FDCAN_RxFifo1Callback  stm32h7xx_hal_fdcan.o
    0x080070ea   0x080070ea   0x00000006   PAD
    0x080070f0   0x080070f0   0x00000050   Code   RO         1260    .text.HAL_FDCAN_Start  stm32h7xx_hal_fdcan.o
    0x08007140   0x08007140   0x0000000a   Code   RO         1382    .text.HAL_FDCAN_TT_GlobalTimeCallback  stm32h7xx_hal_fdcan.o
    0x0800714a   0x0800714a   0x00000006   PAD
    0x08007150   0x08007150   0x0000000a   Code   RO         1376    .text.HAL_FDCAN_TT_ScheduleSyncCallback  stm32h7xx_hal_fdcan.o
    0x0800715a   0x0800715a   0x00000006   PAD
    0x08007160   0x08007160   0x0000000c   Code   RO         1380    .text.HAL_FDCAN_TT_StopWatchCallback  stm32h7xx_hal_fdcan.o
    0x0800716c   0x0800716c   0x00000004   PAD
    0x08007170   0x08007170   0x0000000a   Code   RO         1378    .text.HAL_FDCAN_TT_TimeMarkCallback  stm32h7xx_hal_fdcan.o
    0x0800717a   0x0800717a   0x00000006   PAD
    0x08007180   0x08007180   0x00000008   Code   RO         1372    .text.HAL_FDCAN_TimeoutOccurredCallback  stm32h7xx_hal_fdcan.o
    0x08007188   0x08007188   0x00000008   Code   RO         1370    .text.HAL_FDCAN_TimestampWraparoundCallback  stm32h7xx_hal_fdcan.o
    0x08007190   0x08007190   0x0000000a   Code   RO         1354    .text.HAL_FDCAN_TxBufferAbortCallback  stm32h7xx_hal_fdcan.o
    0x0800719a   0x0800719a   0x00000006   PAD
    0x080071a0   0x080071a0   0x0000000a   Code   RO         1366    .text.HAL_FDCAN_TxBufferCompleteCallback  stm32h7xx_hal_fdcan.o
    0x080071aa   0x080071aa   0x00000006   PAD
    0x080071b0   0x080071b0   0x0000000a   Code   RO         1358    .text.HAL_FDCAN_TxEventFifoCallback  stm32h7xx_hal_fdcan.o
    0x080071ba   0x080071ba   0x00000006   PAD
    0x080071c0   0x080071c0   0x00000008   Code   RO         1364    .text.HAL_FDCAN_TxFifoEmptyCallback  stm32h7xx_hal_fdcan.o
    0x080071c8   0x080071c8   0x000003a8   Code   RO          494    .text.HAL_GPIO_Init  stm32h7xx_hal_gpio.o
    0x08007570   0x08007570   0x0000002e   Code   RO          498    .text.HAL_GPIO_ReadPin  stm32h7xx_hal_gpio.o
    0x0800759e   0x0800759e   0x00000002   PAD
    0x080075a0   0x080075a0   0x0000002e   Code   RO          500    .text.HAL_GPIO_WritePin  stm32h7xx_hal_gpio.o
    0x080075ce   0x080075ce   0x00000002   PAD
    0x080075d0   0x080075d0   0x0000000c   Code   RO          871    .text.HAL_GetTick   stm32h7xx_hal.o
    0x080075dc   0x080075dc   0x00000004   PAD
    0x080075e0   0x080075e0   0x0000001a   Code   RO          869    .text.HAL_IncTick   stm32h7xx_hal.o
    0x080075fa   0x080075fa   0x00000006   PAD
    0x08007600   0x08007600   0x0000007a   Code   RO          859    .text.HAL_Init      stm32h7xx_hal.o
    0x0800767a   0x0800767a   0x00000006   PAD
    0x08007680   0x08007680   0x000000c8   Code   RO         2958    .text.HAL_InitTick  stm32h7xx_hal_timebase_tim.o
    0x08007748   0x08007748   0x00000032   Code   RO         2950    .text.HAL_MspInit   stm32h7xx_hal_msp.o
    0x0800777a   0x0800777a   0x00000006   PAD
    0x08007780   0x08007780   0x00000014   Code   RO          798    .text.HAL_NVIC_EnableIRQ  stm32h7xx_hal_cortex.o
    0x08007794   0x08007794   0x00000004   PAD
    0x08007798   0x08007798   0x0000002e   Code   RO          790    .text.HAL_NVIC_SetPriority  stm32h7xx_hal_cortex.o
    0x080077c6   0x080077c6   0x00000002   PAD
    0x080077c8   0x080077c8   0x00000010   Code   RO          786    .text.HAL_NVIC_SetPriorityGrouping  stm32h7xx_hal_cortex.o
    0x080077d8   0x080077d8   0x00000036   Code   RO          167    .text.HAL_PCDEx_ActivateLPM  stm32h7xx_hal_pcd_ex.o
    0x0800780e   0x0800780e   0x00000002   PAD
    0x08007810   0x08007810   0x0000000c   Code   RO          179    .text.HAL_PCDEx_LPM_Callback  stm32h7xx_hal_pcd_ex.o
    0x0800781c   0x0800781c   0x00000004   PAD
    0x08007820   0x08007820   0x00000018   Code   RO          165    .text.HAL_PCDEx_SetRxFiFo  stm32h7xx_hal_pcd_ex.o
    0x08007838   0x08007838   0x0000009c   Code   RO          163    .text.HAL_PCDEx_SetTxFiFo  stm32h7xx_hal_pcd_ex.o
    0x080078d4   0x080078d4   0x00000004   PAD
    0x080078d8   0x080078d8   0x00000014   Code   RO           33    .text.HAL_PCD_ConnectCallback  usbd_conf.o
    0x080078ec   0x080078ec   0x00000004   PAD
    0x080078f0   0x080078f0   0x00000026   Code   RO           19    .text.HAL_PCD_DataInStageCallback  usbd_conf.o
    0x08007916   0x08007916   0x00000002   PAD
    0x08007918   0x08007918   0x00000028   Code   RO           17    .text.HAL_PCD_DataOutStageCallback  usbd_conf.o
    0x08007940   0x08007940   0x00000014   Code   RO           35    .text.HAL_PCD_DisconnectCallback  usbd_conf.o
    0x08007954   0x08007954   0x00000004   PAD
    0x08007958   0x08007958   0x0000005e   Code   RO          116    .text.HAL_PCD_EP_Abort  stm32h7xx_hal_pcd.o
    0x080079b6   0x080079b6   0x00000002   PAD
    0x080079b8   0x080079b8   0x000000a8   Code   RO          134    .text.HAL_PCD_EP_Close  stm32h7xx_hal_pcd.o
    0x08007a60   0x08007a60   0x000000c8   Code   RO          144    .text.HAL_PCD_EP_ClrStall  stm32h7xx_hal_pcd.o
    0x08007b28   0x08007b28   0x00000022   Code   RO          138    .text.HAL_PCD_EP_GetRxCount  stm32h7xx_hal_pcd.o
    0x08007b4a   0x08007b4a   0x00000006   PAD
    0x08007b50   0x08007b50   0x000000ea   Code   RO          132    .text.HAL_PCD_EP_Open  stm32h7xx_hal_pcd.o
    0x08007c3a   0x08007c3a   0x00000006   PAD
    0x08007c40   0x08007c40   0x0000006c   Code   RO          136    .text.HAL_PCD_EP_Receive  stm32h7xx_hal_pcd.o
    0x08007cac   0x08007cac   0x00000004   PAD
    0x08007cb0   0x08007cb0   0x000000de   Code   RO          142    .text.HAL_PCD_EP_SetStall  stm32h7xx_hal_pcd.o
    0x08007d8e   0x08007d8e   0x00000002   PAD
    0x08007d90   0x08007d90   0x0000006c   Code   RO          140    .text.HAL_PCD_EP_Transmit  stm32h7xx_hal_pcd.o
    0x08007dfc   0x08007dfc   0x00000004   PAD
    0x08007e00   0x08007e00   0x0000088c   Code   RO           94    .text.HAL_PCD_IRQHandler  stm32h7xx_hal_pcd.o
    0x0800868c   0x0800868c   0x00000004   PAD
    0x08008690   0x08008690   0x0000001c   Code   RO           31    .text.HAL_PCD_ISOINIncompleteCallback  usbd_conf.o
    0x080086ac   0x080086ac   0x00000004   PAD
    0x080086b0   0x080086b0   0x0000001c   Code   RO           29    .text.HAL_PCD_ISOOUTIncompleteCallback  usbd_conf.o
    0x080086cc   0x080086cc   0x00000004   PAD
    0x080086d0   0x080086d0   0x000002c4   Code   RO           82    .text.HAL_PCD_Init  stm32h7xx_hal_pcd.o
    0x08008994   0x08008994   0x00000004   PAD
    0x08008998   0x08008998   0x00000078   Code   RO           11    .text.HAL_PCD_MspInit  usbd_conf.o
    0x08008a10   0x08008a10   0x00000052   Code   RO           23    .text.HAL_PCD_ResetCallback  usbd_conf.o
    0x08008a62   0x08008a62   0x00000006   PAD
    0x08008a68   0x08008a68   0x00000014   Code   RO           27    .text.HAL_PCD_ResumeCallback  usbd_conf.o
    0x08008a7c   0x08008a7c   0x00000004   PAD
    0x08008a80   0x08008a80   0x00000014   Code   RO           21    .text.HAL_PCD_SOFCallback  usbd_conf.o
    0x08008a94   0x08008a94   0x00000004   PAD
    0x08008a98   0x08008a98   0x0000005e   Code   RO          130    .text.HAL_PCD_SetAddress  stm32h7xx_hal_pcd.o
    0x08008af6   0x08008af6   0x00000002   PAD
    0x08008af8   0x08008af8   0x00000018   Code   RO           15    .text.HAL_PCD_SetupStageCallback  usbd_conf.o
    0x08008b10   0x08008b10   0x0000007c   Code   RO           90    .text.HAL_PCD_Start  stm32h7xx_hal_pcd.o
    0x08008b8c   0x08008b8c   0x00000004   PAD
    0x08008b90   0x08008b90   0x0000003e   Code   RO           25    .text.HAL_PCD_SuspendCallback  usbd_conf.o
    0x08008bce   0x08008bce   0x00000002   PAD
    0x08008bd0   0x08008bd0   0x000000a2   Code   RO          703    .text.HAL_PWREx_ConfigSupply  stm32h7xx_hal_pwr_ex.o
    0x08008c72   0x08008c72   0x00000006   PAD
    0x08008c78   0x08008c78   0x00000012   Code   RO          753    .text.HAL_PWREx_EnableUSBVoltageDetector  stm32h7xx_hal_pwr_ex.o
    0x08008c8a   0x08008c8a   0x00000006   PAD
    0x08008c90   0x08008c90   0x00000026   Code   RO          344    .text.HAL_RCCEx_GetD3PCLK1Freq  stm32h7xx_hal_rcc_ex.o
    0x08008cb6   0x08008cb6   0x00000002   PAD
    0x08008cb8   0x08008cb8   0x000002ac   Code   RO          340    .text.HAL_RCCEx_GetPLL2ClockFreq  stm32h7xx_hal_rcc_ex.o
    0x08008f64   0x08008f64   0x00000004   PAD
    0x08008f68   0x08008f68   0x000002ac   Code   RO          342    .text.HAL_RCCEx_GetPLL3ClockFreq  stm32h7xx_hal_rcc_ex.o
    0x08009214   0x08009214   0x00000004   PAD
    0x08009218   0x08009218   0x00000fec   Code   RO          328    .text.HAL_RCCEx_PeriphCLKConfig  stm32h7xx_hal_rcc_ex.o
    0x0800a204   0x0800a204   0x00000004   PAD
    0x0800a208   0x0800a208   0x00000498   Code   RO          297    .text.HAL_RCC_ClockConfig  stm32h7xx_hal_rcc.o
    0x0800a6a0   0x0800a6a0   0x00000088   Code   RO          315    .text.HAL_RCC_GetClockConfig  stm32h7xx_hal_rcc.o
    0x0800a728   0x0800a728   0x00000056   Code   RO          307    .text.HAL_RCC_GetHCLKFreq  stm32h7xx_hal_rcc.o
    0x0800a77e   0x0800a77e   0x00000002   PAD
    0x0800a780   0x0800a780   0x00000026   Code   RO          309    .text.HAL_RCC_GetPCLK1Freq  stm32h7xx_hal_rcc.o
    0x0800a7a6   0x0800a7a6   0x00000002   PAD
    0x0800a7a8   0x0800a7a8   0x00000026   Code   RO          311    .text.HAL_RCC_GetPCLK2Freq  stm32h7xx_hal_rcc.o
    0x0800a7ce   0x0800a7ce   0x00000002   PAD
    0x0800a7d0   0x0800a7d0   0x00000310   Code   RO          299    .text.HAL_RCC_GetSysClockFreq  stm32h7xx_hal_rcc.o
    0x0800aae0   0x0800aae0   0x00000a20   Code   RO          295    .text.HAL_RCC_OscConfig  stm32h7xx_hal_rcc.o
    0x0800b500   0x0800b500   0x000000d0   Code   RO         2019    .text.HAL_RS485Ex_Init  stm32h7xx_hal_uart_ex.o
    0x0800b5d0   0x0800b5d0   0x00000008   Code   RO         1479    .text.HAL_SPI_ErrorCallback  stm32h7xx_hal_spi.o
    0x0800b5d8   0x0800b5d8   0x00000390   Code   RO         1475    .text.HAL_SPI_IRQHandler  stm32h7xx_hal_spi.o
    0x0800b968   0x0800b968   0x00000292   Code   RO         1399    .text.HAL_SPI_Init  stm32h7xx_hal_spi.o
    0x0800bbfa   0x0800bbfa   0x00000006   PAD
    0x0800bc00   0x0800bc00   0x0000024a   Code   RO         2860    .text.HAL_SPI_MspInit  spi.o
    0x0800be4a   0x0800be4a   0x00000006   PAD
    0x0800be50   0x0800be50   0x00000008   Code   RO         1483    .text.HAL_SPI_RxCpltCallback  stm32h7xx_hal_spi.o
    0x0800be58   0x0800be58   0x00000008   Code   RO         1477    .text.HAL_SPI_SuspendCallback  stm32h7xx_hal_spi.o
    0x0800be60   0x0800be60   0x00000414   Code   RO         1409    .text.HAL_SPI_Transmit  stm32h7xx_hal_spi.o
    0x0800c274   0x0800c274   0x00000004   PAD
    0x0800c278   0x0800c278   0x000004ba   Code   RO         1417    .text.HAL_SPI_TransmitReceive  stm32h7xx_hal_spi.o
    0x0800c732   0x0800c732   0x00000006   PAD
    0x0800c738   0x0800c738   0x00000008   Code   RO         1485    .text.HAL_SPI_TxCpltCallback  stm32h7xx_hal_spi.o
    0x0800c740   0x0800c740   0x00000008   Code   RO         1481    .text.HAL_SPI_TxRxCpltCallback  stm32h7xx_hal_spi.o
    0x0800c748   0x0800c748   0x00000008   Code   RO         1858    .text.HAL_TIMEx_Break2Callback  stm32h7xx_hal_tim_ex.o
    0x0800c750   0x0800c750   0x00000008   Code   RO         1856    .text.HAL_TIMEx_BreakCallback  stm32h7xx_hal_tim_ex.o
    0x0800c758   0x0800c758   0x00000008   Code   RO         1852    .text.HAL_TIMEx_CommutCallback  stm32h7xx_hal_tim_ex.o
    0x0800c760   0x0800c760   0x0000017c   Code   RO         1836    .text.HAL_TIMEx_MasterConfigSynchronization  stm32h7xx_hal_tim_ex.o
    0x0800c8dc   0x0800c8dc   0x00000004   PAD
    0x0800c8e0   0x0800c8e0   0x000000a8   Code   RO         1519    .text.HAL_TIM_Base_Init  stm32h7xx_hal_tim.o
    0x0800c988   0x0800c988   0x0000003a   Code   RO         2879    .text.HAL_TIM_Base_MspInit  tim.o
    0x0800c9c2   0x0800c9c2   0x00000006   PAD
    0x0800c9c8   0x0800c9c8   0x0000011c   Code   RO         1529    .text.HAL_TIM_Base_Start  stm32h7xx_hal_tim.o
    0x0800cae4   0x0800cae4   0x00000004   PAD
    0x0800cae8   0x0800cae8   0x00000128   Code   RO         1533    .text.HAL_TIM_Base_Start_IT  stm32h7xx_hal_tim.o
    0x0800cc10   0x0800cc10   0x00000008   Code   RO         1655    .text.HAL_TIM_IC_CaptureCallback  stm32h7xx_hal_tim.o
    0x0800cc18   0x0800cc18   0x000002b4   Code   RO         1653    .text.HAL_TIM_IRQHandler  stm32h7xx_hal_tim.o
    0x0800cecc   0x0800cecc   0x00000004   PAD
    0x0800ced0   0x0800ced0   0x00000008   Code   RO         1657    .text.HAL_TIM_OC_DelayElapsedCallback  stm32h7xx_hal_tim.o
    0x0800ced8   0x0800ced8   0x000001b0   Code   RO         1689    .text.HAL_TIM_PWM_ConfigChannel  stm32h7xx_hal_tim.o
    0x0800d088   0x0800d088   0x000000a8   Code   RO         1573    .text.HAL_TIM_PWM_Init  stm32h7xx_hal_tim.o
    0x0800d130   0x0800d130   0x0000003a   Code   RO         2881    .text.HAL_TIM_PWM_MspInit  tim.o
    0x0800d16a   0x0800d16a   0x00000006   PAD
    0x0800d170   0x0800d170   0x00000008   Code   RO         1659    .text.HAL_TIM_PWM_PulseFinishedCallback  stm32h7xx_hal_tim.o
    0x0800d178   0x0800d178   0x00000022   Code   RO         2797    .text.HAL_TIM_PeriodElapsedCallback  main.o
    0x0800d19a   0x0800d19a   0x00000006   PAD
    0x0800d1a0   0x0800d1a0   0x00000008   Code   RO         1663    .text.HAL_TIM_TriggerCallback  stm32h7xx_hal_tim.o
    0x0800d1a8   0x0800d1a8   0x0000007c   Code   RO         2041    .text.HAL_UARTEx_DisableFifoMode  stm32h7xx_hal_uart_ex.o
    0x0800d224   0x0800d224   0x00000004   PAD
    0x0800d228   0x0800d228   0x0000000c   Code   RO         1965    .text.HAL_UARTEx_RxEventCallback  stm32h7xx_hal_uart.o
    0x0800d234   0x0800d234   0x00000004   PAD
    0x0800d238   0x0800d238   0x00000008   Code   RO         2023    .text.HAL_UARTEx_RxFifoFullCallback  stm32h7xx_hal_uart_ex.o
    0x0800d240   0x0800d240   0x0000008c   Code   RO         2045    .text.HAL_UARTEx_SetRxFifoThreshold  stm32h7xx_hal_uart_ex.o
    0x0800d2cc   0x0800d2cc   0x00000004   PAD
    0x0800d2d0   0x0800d2d0   0x0000008c   Code   RO         2043    .text.HAL_UARTEx_SetTxFifoThreshold  stm32h7xx_hal_uart_ex.o
    0x0800d35c   0x0800d35c   0x00000004   PAD
    0x0800d360   0x0800d360   0x00000008   Code   RO         2025    .text.HAL_UARTEx_TxFifoEmptyCallback  stm32h7xx_hal_uart_ex.o
    0x0800d368   0x0800d368   0x00000008   Code   RO         2021    .text.HAL_UARTEx_WakeupCallback  stm32h7xx_hal_uart_ex.o
    0x0800d370   0x0800d370   0x00000008   Code   RO         1963    .text.HAL_UART_ErrorCallback  stm32h7xx_hal_uart.o
    0x0800d378   0x0800d378   0x000006c8   Code   RO         1959    .text.HAL_UART_IRQHandler  stm32h7xx_hal_uart.o
    0x0800da40   0x0800da40   0x000000aa   Code   RO         1871    .text.HAL_UART_Init  stm32h7xx_hal_uart.o
    0x0800daea   0x0800daea   0x00000006   PAD
    0x0800daf0   0x0800daf0   0x0000015e   Code   RO         2900    .text.HAL_UART_MspInit  usart.o
    0x0800dc4e   0x0800dc4e   0x00000002   PAD
    0x0800dc50   0x0800dc50   0x000000a0   Code   RO         1907    .text.HAL_UART_Receive_IT  stm32h7xx_hal_uart.o
    0x0800dcf0   0x0800dcf0   0x00000084   Code   RO         3221    .text.HAL_UART_RxCpltCallback  system.o
    0x0800dd74   0x0800dd74   0x00000004   PAD
    0x0800dd78   0x0800dd78   0x00000138   Code   RO         1891    .text.HAL_UART_Transmit  stm32h7xx_hal_uart.o
    0x0800deb0   0x0800deb0   0x00000130   Code   RO         1897    .text.HAL_UART_Transmit_IT  stm32h7xx_hal_uart.o
    0x0800dfe0   0x0800dfe0   0x00000008   Code   RO         1969    .text.HAL_UART_TxCpltCallback  stm32h7xx_hal_uart.o
    0x0800dfe8   0x0800dfe8   0x00000004   Code   RO         2915    .text.HardFault_Handler  stm32h7xx_it.o
    0x0800dfec   0x0800dfec   0x00000004   PAD
    0x0800dff0   0x0800dff0   0x00000060   Code   RO         3204    .text.IMU_Task      imu.o
    0x0800e050   0x0800e050   0x0000015e   Code   RO         3206    .text.IMU_shell     imu.o
    0x0800e1ae   0x0800e1ae   0x00000002   PAD
    0x0800e1b0   0x0800e1b0   0x0000007a   Code   RO         2262    .text.IntToUnicode  usbd_desc.o
    0x0800e22a   0x0800e22a   0x00000006   PAD
    0x0800e230   0x0800e230   0x000000f4   Code   RO         3137    .text.LK_Position_Control  lk_motor.o
    0x0800e324   0x0800e324   0x00000004   PAD
    0x0800e328   0x0800e328   0x0000006e   Code   RO         3131    .text.LK_check_data  lk_motor.o
    0x0800e396   0x0800e396   0x00000002   PAD
    0x0800e398   0x0800e398   0x0000000a   Code   RO         3129    .text.LK_do_nothing  lk_motor.o
    0x0800e3a2   0x0800e3a2   0x00000006   PAD
    0x0800e3a8   0x0800e3a8   0x00000062   Code   RO         3125    .text.LK_motor_disable  lk_motor.o
    0x0800e40a   0x0800e40a   0x00000006   PAD
    0x0800e410   0x0800e410   0x00000064   Code   RO         3133    .text.LK_motor_read_angle  lk_motor.o
    0x0800e474   0x0800e474   0x00000004   PAD
    0x0800e478   0x0800e478   0x0000009a   Code   RO         3135    .text.LK_motor_read_angle_callback  lk_motor.o
    0x0800e512   0x0800e512   0x00000006   PAD
    0x0800e518   0x0800e518   0x0000004c   Code   RO         2833    .text.MX_DMA_Init   dma.o
    0x0800e564   0x0800e564   0x00000004   PAD
    0x0800e568   0x0800e568   0x0000007e   Code   RO         2841    .text.MX_FDCAN1_Init  fdcan.o
    0x0800e5e6   0x0800e5e6   0x00000002   PAD
    0x0800e5e8   0x0800e5e8   0x00000046   Code   RO         2817    .text.MX_FREERTOS_Init  freertos.o
    0x0800e62e   0x0800e62e   0x00000002   PAD
    0x0800e630   0x0800e630   0x0000012e   Code   RO         2807    .text.MX_GPIO_Init  gpio.o
    0x0800e75e   0x0800e75e   0x00000002   PAD
    0x0800e760   0x0800e760   0x00000072   Code   RO         2856    .text.MX_SPI2_Init  spi.o
    0x0800e7d2   0x0800e7d2   0x00000006   PAD
    0x0800e7d8   0x0800e7d8   0x00000072   Code   RO         2858    .text.MX_SPI6_Init  spi.o
    0x0800e84a   0x0800e84a   0x00000006   PAD
    0x0800e850   0x0800e850   0x0000003c   Code   RO         2875    .text.MX_TIM16_Init  tim.o
    0x0800e88c   0x0800e88c   0x00000004   PAD
    0x0800e890   0x0800e890   0x00000094   Code   RO         2877    .text.MX_TIM23_Init  tim.o
    0x0800e924   0x0800e924   0x00000004   PAD
    0x0800e928   0x0800e928   0x0000008e   Code   RO         2896    .text.MX_USART1_UART_Init  usart.o
    0x0800e9b6   0x0800e9b6   0x00000002   PAD
    0x0800e9b8   0x0800e9b8   0x00000092   Code   RO         2898    .text.MX_USART2_UART_Init  usart.o
    0x0800ea4a   0x0800ea4a   0x00000006   PAD
    0x0800ea50   0x0800ea50   0x0000007a   Code   RO         2235    .text.MX_USB_DEVICE_Init  usb_device.o
    0x0800eaca   0x0800eaca   0x00000006   PAD
    0x0800ead0   0x0800ead0   0x00000004   Code   RO         2917    .text.MemManage_Handler  stm32h7xx_it.o
    0x0800ead4   0x0800ead4   0x00000004   PAD
    0x0800ead8   0x0800ead8   0x00000004   Code   RO         2913    .text.NMI_Handler   stm32h7xx_it.o
    0x0800eadc   0x0800eadc   0x00000004   PAD
    0x0800eae0   0x0800eae0   0x0000006c   Code   RO          796    .text.NVIC_EncodePriority  stm32h7xx_hal_cortex.o
    0x0800eb4c   0x0800eb4c   0x00000004   PAD
    0x0800eb50   0x0800eb50   0x00000010   Code   RO         2939    .text.OTG_HS_IRQHandler  stm32h7xx_it.o
    0x0800eb60   0x0800eb60   0x0000008a   Code   RO           98    .text.PCD_EP_OutSetupPacket_int  stm32h7xx_hal_pcd.o
    0x0800ebea   0x0800ebea   0x00000006   PAD
    0x0800ebf0   0x0800ebf0   0x000001c8   Code   RO           96    .text.PCD_EP_OutXfrComplete_int  stm32h7xx_hal_pcd.o
    0x0800edb8   0x0800edb8   0x00000132   Code   RO          106    .text.PCD_WriteEmptyTxFifo  stm32h7xx_hal_pcd.o
    0x0800eeea   0x0800eeea   0x00000006   PAD
    0x0800eef0   0x0800eef0   0x000001f2   Code   RO         3148    .text.PID_Calc      pid.o
    0x0800f0e2   0x0800f0e2   0x00000006   PAD
    0x0800f0e8   0x0800f0e8   0x0000006a   Code   RO         3146    .text.PID_Init      pid.o
    0x0800f152   0x0800f152   0x00000006   PAD
    0x0800f158   0x0800f158   0x00000264   Code   RO         3410    .text.Path_Task     path.o
    0x0800f3bc   0x0800f3bc   0x00000004   PAD
    0x0800f3c0   0x0800f3c0   0x00000064   Code   RO         2773    .text.PendSV_Handler  port.o
    0x0800f424   0x0800f424   0x00000004   PAD
    0x0800f428   0x0800f428   0x000001d4   Code   RO         3152    .text.Pos_speed_Calc  pid.o
    0x0800f5fc   0x0800f5fc   0x00000004   PAD
    0x0800f600   0x0800f600   0x00000078   Code   RO         3150    .text.Pos_speed_Init  pid.o
    0x0800f678   0x0800f678   0x00000108   Code   RO         3262    .text.RASPI_Task    raspi.o
    0x0800f780   0x0800f780   0x000001ca   Code   RO          330    .text.RCCEx_PLL2_Config  stm32h7xx_hal_rcc_ex.o
    0x0800f94a   0x0800f94a   0x00000006   PAD
    0x0800f950   0x0800f950   0x000001ca   Code   RO          332    .text.RCCEx_PLL3_Config  stm32h7xx_hal_rcc_ex.o
    0x0800fb1a   0x0800fb1a   0x00000006   PAD
    0x0800fb20   0x0800fb20   0x00000140   Code   RO         3358    .text.RS485_Task    rs485.o
    0x0800fc60   0x0800fc60   0x00000028   Code   RO         3356    .text.RS485_get_state  rs485.o
    0x0800fc88   0x0800fc88   0x0000004a   Code   RO         3354    .text.RS_485_send   rs485.o
    0x0800fcd2   0x0800fcd2   0x00000006   PAD
    0x0800fcd8   0x0800fcd8   0x000002e8   Code   RO         3258    .text.Raspi_Callback  raspi.o
    0x0800ffc0   0x0800ffc0   0x00000010   Code   RO         2933    .text.SPI2_IRQHandler  stm32h7xx_it.o
    0x0800ffd0   0x0800ffd0   0x00000116   Code   RO         1411    .text.SPI_CloseTransfer  stm32h7xx_hal_spi.o
    0x080100e6   0x080100e6   0x00000002   PAD
    0x080100e8   0x080100e8   0x0000002c   Code   RO         1487    .text.SPI_DMAAbortOnError  stm32h7xx_hal_spi.o
    0x08010114   0x08010114   0x00000004   PAD
    0x08010118   0x08010118   0x0000002a   Code   RO         1401    .text.SPI_GetPacketSize  stm32h7xx_hal_spi.o
    0x08010142   0x08010142   0x00000006   PAD
    0x08010148   0x08010148   0x00000068   Code   RO         1413    .text.SPI_WaitOnFlagUntilTimeout  stm32h7xx_hal_spi.o
    0x080101b0   0x080101b0   0x00000024   Code   RO         2757    .text.SVC_Handler   port.o
    0x080101d4   0x080101d4   0x00000004   PAD
    0x080101d8   0x080101d8   0x00000036   Code   RO         2157    .text.SWAPBYTE      usbd_ctlreq.o
    0x0801020e   0x0801020e   0x00000002   PAD
    0x08010210   0x08010210   0x00000058   Code   RO         3252    .text.Send_Cmd      raspi.o
    0x08010268   0x08010268   0x00000086   Code   RO         3281    .text.ShellCmdRegister  shell.o
    0x080102ee   0x080102ee   0x00000002   PAD
    0x080102f0   0x080102f0   0x00000110   Code   RO         3285    .text.Shell_Calc    shell.o
    0x08010400   0x08010400   0x00000014   Code   RO         2819    .text.StartDefaultTask  freertos.o
    0x08010414   0x08010414   0x00000004   PAD
    0x08010418   0x08010418   0x0000003c   Code   RO         2775    .text.SysTick_Handler  port.o
    0x08010454   0x08010454   0x00000004   PAD
    0x08010458   0x08010458   0x000000d6   Code   RO         2791    .text.SystemClock_Config  main.o
    0x0801052e   0x0801052e   0x00000002   PAD
    0x08010530   0x08010530   0x0000013a   Code   RO         2064    .text.SystemInit    system_stm32h7xx.o
    0x0801066a   0x0801066a   0x00000006   PAD
    0x08010670   0x08010670   0x00000084   Code   RO         3227    .text.System_Task   system.o
    0x080106f4   0x080106f4   0x00000004   PAD
    0x080106f8   0x080106f8   0x00000010   Code   RO         2941    .text.TIM17_IRQHandler  stm32h7xx_it.o
    0x08010708   0x08010708   0x000001ba   Code   RO         1523    .text.TIM_Base_SetConfig  stm32h7xx_hal_tim.o
    0x080108c2   0x080108c2   0x00000006   PAD
    0x080108c8   0x080108c8   0x00000150   Code   RO         1667    .text.TIM_OC1_SetConfig  stm32h7xx_hal_tim.o
    0x08010a18   0x08010a18   0x0000016c   Code   RO         1669    .text.TIM_OC2_SetConfig  stm32h7xx_hal_tim.o
    0x08010b84   0x08010b84   0x00000004   PAD
    0x08010b88   0x08010b88   0x0000016a   Code   RO         1671    .text.TIM_OC3_SetConfig  stm32h7xx_hal_tim.o
    0x08010cf2   0x08010cf2   0x00000006   PAD
    0x08010cf8   0x08010cf8   0x000000da   Code   RO         1673    .text.TIM_OC4_SetConfig  stm32h7xx_hal_tim.o
    0x08010dd2   0x08010dd2   0x00000006   PAD
    0x08010dd8   0x08010dd8   0x000000d0   Code   RO         1675    .text.TIM_OC5_SetConfig  stm32h7xx_hal_tim.o
    0x08010ea8   0x08010ea8   0x000000d2   Code   RO         1677    .text.TIM_OC6_SetConfig  stm32h7xx_hal_tim.o
    0x08010f7a   0x08010f7a   0x00000006   PAD
    0x08010f80   0x08010f80   0x00000086   Code   RO         2039    .text.UARTEx_SetNbDataToProcess  stm32h7xx_hal_uart_ex.o
    0x08011006   0x08011006   0x00000002   PAD
    0x08011008   0x08011008   0x00000148   Code   RO         1877    .text.UART_AdvFeatureConfig  stm32h7xx_hal_uart.o
    0x08011150   0x08011150   0x00000146   Code   RO         1879    .text.UART_CheckIdleState  stm32h7xx_hal_uart.o
    0x08011296   0x08011296   0x00000002   PAD
    0x08011298   0x08011298   0x00000024   Code   RO         1961    .text.UART_DMAAbortOnError  stm32h7xx_hal_uart.o
    0x080112bc   0x080112bc   0x00000004   PAD
    0x080112c0   0x080112c0   0x0000009e   Code   RO         1931    .text.UART_EndRxTransfer  stm32h7xx_hal_uart.o
    0x0801135e   0x0801135e   0x00000002   PAD
    0x08011360   0x08011360   0x00000044   Code   RO         1967    .text.UART_EndTransmit_IT  stm32h7xx_hal_uart.o
    0x080113a4   0x080113a4   0x00000004   PAD
    0x080113a8   0x080113a8   0x000000c8   Code   RO         3283    .text.UART_Recv_Callback  shell.o
    0x08011470   0x08011470   0x00000184   Code   RO         2003    .text.UART_RxISR_16BIT  stm32h7xx_hal_uart.o
    0x080115f4   0x080115f4   0x00000004   PAD
    0x080115f8   0x080115f8   0x00000308   Code   RO         1999    .text.UART_RxISR_16BIT_FIFOEN  stm32h7xx_hal_uart.o
    0x08011900   0x08011900   0x00000180   Code   RO         2005    .text.UART_RxISR_8BIT  stm32h7xx_hal_uart.o
    0x08011a80   0x08011a80   0x00000304   Code   RO         2001    .text.UART_RxISR_8BIT_FIFOEN  stm32h7xx_hal_uart.o
    0x08011d84   0x08011d84   0x00000004   PAD
    0x08011d88   0x08011d88   0x00000a4e   Code   RO         1875    .text.UART_SetConfig  stm32h7xx_hal_uart.o
    0x080127d6   0x080127d6   0x00000002   PAD
    0x080127d8   0x080127d8   0x00000222   Code   RO         1909    .text.UART_Start_Receive_IT  stm32h7xx_hal_uart.o
    0x080129fa   0x080129fa   0x00000006   PAD
    0x08012a00   0x08012a00   0x00000098   Code   RO         1903    .text.UART_TxISR_16BIT  stm32h7xx_hal_uart.o
    0x08012a98   0x08012a98   0x000000ce   Code   RO         1899    .text.UART_TxISR_16BIT_FIFOEN  stm32h7xx_hal_uart.o
    0x08012b66   0x08012b66   0x00000002   PAD
    0x08012b68   0x08012b68   0x0000008e   Code   RO         1905    .text.UART_TxISR_8BIT  stm32h7xx_hal_uart.o
    0x08012bf6   0x08012bf6   0x00000002   PAD
    0x08012bf8   0x08012bf8   0x000000c4   Code   RO         1901    .text.UART_TxISR_8BIT_FIFOEN  stm32h7xx_hal_uart.o
    0x08012cbc   0x08012cbc   0x00000004   PAD
    0x08012cc0   0x08012cc0   0x000000fc   Code   RO         1893    .text.UART_WaitOnFlagUntilTimeout  stm32h7xx_hal_uart.o
    0x08012dbc   0x08012dbc   0x00000004   PAD
    0x08012dc0   0x08012dc0   0x00000010   Code   RO         2935    .text.USART1_IRQHandler  stm32h7xx_it.o
    0x08012dd0   0x08012dd0   0x00000010   Code   RO         2937    .text.USART2_IRQHandler  stm32h7xx_it.o
    0x08012de0   0x08012de0   0x000000f4   Code   RO         2200    .text.USBD_CDC_DataIn  usbd_cdc.o
    0x08012ed4   0x08012ed4   0x00000004   PAD
    0x08012ed8   0x08012ed8   0x00000070   Code   RO         2202    .text.USBD_CDC_DataOut  usbd_cdc.o
    0x08012f48   0x08012f48   0x000000ec   Code   RO         2194    .text.USBD_CDC_DeInit  usbd_cdc.o
    0x08013034   0x08013034   0x00000004   PAD
    0x08013038   0x08013038   0x00000078   Code   RO         2198    .text.USBD_CDC_EP0_RxReady  usbd_cdc.o
    0x080130b0   0x080130b0   0x00000016   Code   RO         2210    .text.USBD_CDC_GetDeviceQualifierDescriptor  usbd_cdc.o
    0x080130c6   0x080130c6   0x00000002   PAD
    0x080130c8   0x080130c8   0x0000006c   Code   RO         2206    .text.USBD_CDC_GetFSCfgDesc  usbd_cdc.o
    0x08013134   0x08013134   0x00000004   PAD
    0x08013138   0x08013138   0x00000070   Code   RO         2204    .text.USBD_CDC_GetHSCfgDesc  usbd_cdc.o
    0x080131a8   0x080131a8   0x0000006c   Code   RO         2208    .text.USBD_CDC_GetOtherSpeedCfgDesc  usbd_cdc.o
    0x08013214   0x08013214   0x00000004   PAD
    0x08013218   0x08013218   0x0000021c   Code   RO         2192    .text.USBD_CDC_Init  usbd_cdc.o
    0x08013434   0x08013434   0x00000004   PAD
    0x08013438   0x08013438   0x0000007e   Code   RO         2220    .text.USBD_CDC_ReceivePacket  usbd_cdc.o
    0x080134b6   0x080134b6   0x00000002   PAD
    0x080134b8   0x080134b8   0x00000034   Code   RO         2212    .text.USBD_CDC_RegisterInterface  usbd_cdc.o
    0x080134ec   0x080134ec   0x00000004   PAD
    0x080134f0   0x080134f0   0x0000003c   Code   RO         2216    .text.USBD_CDC_SetRxBuffer  usbd_cdc.o
    0x0801352c   0x0801352c   0x00000004   PAD
    0x08013530   0x08013530   0x00000046   Code   RO         2214    .text.USBD_CDC_SetTxBuffer  usbd_cdc.o
    0x08013576   0x08013576   0x00000002   PAD
    0x08013578   0x08013578   0x000001cc   Code   RO         2196    .text.USBD_CDC_Setup  usbd_cdc.o
    0x08013744   0x08013744   0x00000004   PAD
    0x08013748   0x08013748   0x00000088   Code   RO         2218    .text.USBD_CDC_TransmitPacket  usbd_cdc.o
    0x080137d0   0x080137d0   0x00000032   Code   RO         2092    .text.USBD_ClrClassConfig  usbd_core.o
    0x08013802   0x08013802   0x00000006   PAD
    0x08013808   0x08013808   0x00000040   Code   RO         2147    .text.USBD_ClrFeature  usbd_ctlreq.o
    0x08013848   0x08013848   0x0000000e   Code   RO         2100    .text.USBD_CoreFindEP  usbd_core.o
    0x08013856   0x08013856   0x00000002   PAD
    0x08013858   0x08013858   0x0000000e   Code   RO         2098    .text.USBD_CoreFindIF  usbd_core.o
    0x08013866   0x08013866   0x00000002   PAD
    0x08013868   0x08013868   0x0000001e   Code   RO         2177    .text.USBD_CtlContinueRx  usbd_ioreq.o
    0x08013886   0x08013886   0x00000002   PAD
    0x08013888   0x08013888   0x0000001e   Code   RO         2173    .text.USBD_CtlContinueSendData  usbd_ioreq.o
    0x080138a6   0x080138a6   0x00000002   PAD
    0x080138a8   0x080138a8   0x0000001c   Code   RO         2149    .text.USBD_CtlError  usbd_ctlreq.o
    0x080138c4   0x080138c4   0x00000004   PAD
    0x080138c8   0x080138c8   0x00000036   Code   RO         2175    .text.USBD_CtlPrepareRx  usbd_ioreq.o
    0x080138fe   0x080138fe   0x00000002   PAD
    0x08013900   0x08013900   0x00000022   Code   RO         2181    .text.USBD_CtlReceiveStatus  usbd_ioreq.o
    0x08013922   0x08013922   0x00000006   PAD
    0x08013928   0x08013928   0x00000032   Code   RO         2171    .text.USBD_CtlSendData  usbd_ioreq.o
    0x0801395a   0x0801395a   0x00000006   PAD
    0x08013960   0x08013960   0x00000022   Code   RO         2179    .text.USBD_CtlSendStatus  usbd_ioreq.o
    0x08013982   0x08013982   0x00000006   PAD
    0x08013988   0x08013988   0x00000064   Code   RO         2141    .text.USBD_GetConfig  usbd_ctlreq.o
    0x080139ec   0x080139ec   0x00000004   PAD
    0x080139f0   0x080139f0   0x0000031e   Code   RO         2135    .text.USBD_GetDescriptor  usbd_ctlreq.o
    0x08013d0e   0x08013d0e   0x00000002   PAD
    0x08013d10   0x08013d10   0x00000076   Code   RO         2122    .text.USBD_GetEpDesc  usbd_core.o
    0x08013d86   0x08013d86   0x00000002   PAD
    0x08013d88   0x08013d88   0x00000032   Code   RO         2161    .text.USBD_GetLen   usbd_ctlreq.o
    0x08013dba   0x08013dba   0x00000006   PAD
    0x08013dc0   0x08013dc0   0x00000026   Code   RO         2124    .text.USBD_GetNextDesc  usbd_core.o
    0x08013de6   0x08013de6   0x00000002   PAD
    0x08013de8   0x08013de8   0x00000062   Code   RO         2143    .text.USBD_GetStatus  usbd_ctlreq.o
    0x08013e4a   0x08013e4a   0x00000006   PAD
    0x08013e50   0x08013e50   0x00000098   Code   RO         2159    .text.USBD_GetString  usbd_ctlreq.o
    0x08013ee8   0x08013ee8   0x00000052   Code   RO           41    .text.USBD_Get_USB_Status  usbd_conf.o
    0x08013f3a   0x08013f3a   0x00000006   PAD
    0x08013f40   0x08013f40   0x0000004e   Code   RO         2254    .text.USBD_HS_ConfigStrDescriptor  usbd_desc.o
    0x08013f8e   0x08013f8e   0x00000002   PAD
    0x08013f90   0x08013f90   0x0000001a   Code   RO         2244    .text.USBD_HS_DeviceDescriptor  usbd_desc.o
    0x08013faa   0x08013faa   0x00000006   PAD
    0x08013fb0   0x08013fb0   0x0000004e   Code   RO         2256    .text.USBD_HS_InterfaceStrDescriptor  usbd_desc.o
    0x08013ffe   0x08013ffe   0x00000002   PAD
    0x08014000   0x08014000   0x0000001a   Code   RO         2246    .text.USBD_HS_LangIDStrDescriptor  usbd_desc.o
    0x0801401a   0x0801401a   0x00000006   PAD
    0x08014020   0x08014020   0x00000028   Code   RO         2248    .text.USBD_HS_ManufacturerStrDescriptor  usbd_desc.o
    0x08014048   0x08014048   0x0000004e   Code   RO         2250    .text.USBD_HS_ProductStrDescriptor  usbd_desc.o
    0x08014096   0x08014096   0x00000002   PAD
    0x08014098   0x08014098   0x00000020   Code   RO         2252    .text.USBD_HS_SerialStrDescriptor  usbd_desc.o
    0x080140b8   0x080140b8   0x0000006a   Code   RO         2078    .text.USBD_Init     usbd_core.o
    0x08014122   0x08014122   0x00000006   PAD
    0x08014128   0x08014128   0x0000003a   Code   RO           55    .text.USBD_LL_ClearStallEP  usbd_conf.o
    0x08014162   0x08014162   0x00000006   PAD
    0x08014168   0x08014168   0x0000003a   Code   RO           49    .text.USBD_LL_CloseEP  usbd_conf.o
    0x080141a2   0x080141a2   0x00000006   PAD
    0x080141a8   0x080141a8   0x00000190   Code   RO         2102    .text.USBD_LL_DataInStage  usbd_core.o
    0x08014338   0x08014338   0x000001b2   Code   RO         2096    .text.USBD_LL_DataOutStage  usbd_core.o
    0x080144ea   0x080144ea   0x00000006   PAD
    0x080144f0   0x080144f0   0x0000000a   Code   RO         2118    .text.USBD_LL_DevConnected  usbd_core.o
    0x080144fa   0x080144fa   0x00000006   PAD
    0x08014500   0x08014500   0x00000040   Code   RO         2120    .text.USBD_LL_DevDisconnected  usbd_core.o
    0x08014540   0x08014540   0x0000001c   Code   RO           65    .text.USBD_LL_GetRxDataSize  usbd_conf.o
    0x0801455c   0x0801455c   0x00000004   PAD
    0x08014560   0x08014560   0x00000086   Code   RO           37    .text.USBD_LL_Init  usbd_conf.o
    0x080145e6   0x080145e6   0x00000002   PAD
    0x080145e8   0x080145e8   0x0000005c   Code   RO           57    .text.USBD_LL_IsStallEP  usbd_conf.o
    0x08014644   0x08014644   0x00000004   PAD
    0x08014648   0x08014648   0x0000006e   Code   RO         2114    .text.USBD_LL_IsoINIncomplete  usbd_core.o
    0x080146b6   0x080146b6   0x00000002   PAD
    0x080146b8   0x080146b8   0x0000006e   Code   RO         2116    .text.USBD_LL_IsoOUTIncomplete  usbd_core.o
    0x08014726   0x08014726   0x00000002   PAD
    0x08014728   0x08014728   0x0000004a   Code   RO           47    .text.USBD_LL_OpenEP  usbd_conf.o
    0x08014772   0x08014772   0x00000006   PAD
    0x08014778   0x08014778   0x00000042   Code   RO           63    .text.USBD_LL_PrepareReceive  usbd_conf.o
    0x080147ba   0x080147ba   0x00000006   PAD
    0x080147c0   0x080147c0   0x0000009c   Code   RO         2104    .text.USBD_LL_Reset  usbd_core.o
    0x0801485c   0x0801485c   0x00000004   PAD
    0x08014860   0x08014860   0x00000024   Code   RO         2110    .text.USBD_LL_Resume  usbd_core.o
    0x08014884   0x08014884   0x00000004   PAD
    0x08014888   0x08014888   0x0000003e   Code   RO         2112    .text.USBD_LL_SOF   usbd_core.o
    0x080148c6   0x080148c6   0x00000002   PAD
    0x080148c8   0x080148c8   0x00000016   Code   RO         2106    .text.USBD_LL_SetSpeed  usbd_core.o
    0x080148de   0x080148de   0x00000002   PAD
    0x080148e0   0x080148e0   0x0000003a   Code   RO           59    .text.USBD_LL_SetUSBAddress  usbd_conf.o
    0x0801491a   0x0801491a   0x00000006   PAD
    0x08014920   0x08014920   0x00000094   Code   RO         2094    .text.USBD_LL_SetupStage  usbd_core.o
    0x080149b4   0x080149b4   0x00000004   PAD
    0x080149b8   0x080149b8   0x0000003a   Code   RO           53    .text.USBD_LL_StallEP  usbd_conf.o
    0x080149f2   0x080149f2   0x00000006   PAD
    0x080149f8   0x080149f8   0x00000032   Code   RO           43    .text.USBD_LL_Start  usbd_conf.o
    0x08014a2a   0x08014a2a   0x00000006   PAD
    0x08014a30   0x08014a30   0x0000002c   Code   RO         2108    .text.USBD_LL_Suspend  usbd_core.o
    0x08014a5c   0x08014a5c   0x00000004   PAD
    0x08014a60   0x08014a60   0x00000042   Code   RO           61    .text.USBD_LL_Transmit  usbd_conf.o
    0x08014aa2   0x08014aa2   0x00000006   PAD
    0x08014aa8   0x08014aa8   0x00000062   Code   RO         2155    .text.USBD_ParseSetupRequest  usbd_ctlreq.o
    0x08014b0a   0x08014b0a   0x00000006   PAD
    0x08014b10   0x08014b10   0x00000072   Code   RO         2082    .text.USBD_RegisterClass  usbd_core.o
    0x08014b82   0x08014b82   0x00000006   PAD
    0x08014b88   0x08014b88   0x0000000a   Code   RO         2088    .text.USBD_RunTestMode  usbd_core.o
    0x08014b92   0x08014b92   0x00000006   PAD
    0x08014b98   0x08014b98   0x0000008c   Code   RO         2137    .text.USBD_SetAddress  usbd_ctlreq.o
    0x08014c24   0x08014c24   0x00000004   PAD
    0x08014c28   0x08014c28   0x00000036   Code   RO         2090    .text.USBD_SetClassConfig  usbd_core.o
    0x08014c5e   0x08014c5e   0x00000002   PAD
    0x08014c60   0x08014c60   0x0000017e   Code   RO         2139    .text.USBD_SetConfig  usbd_ctlreq.o
    0x08014dde   0x08014dde   0x00000002   PAD
    0x08014de0   0x08014de0   0x0000004e   Code   RO         2145    .text.USBD_SetFeature  usbd_ctlreq.o
    0x08014e2e   0x08014e2e   0x00000002   PAD
    0x08014e30   0x08014e30   0x00000010   Code   RO         2084    .text.USBD_Start    usbd_core.o
    0x08014e40   0x08014e40   0x000000cc   Code   RO         2133    .text.USBD_StdDevReq  usbd_ctlreq.o
    0x08014f0c   0x08014f0c   0x00000004   PAD
    0x08014f10   0x08014f10   0x000003ac   Code   RO         2153    .text.USBD_StdEPReq  usbd_ctlreq.o
    0x080152bc   0x080152bc   0x00000004   PAD
    0x080152c0   0x080152c0   0x000000f4   Code   RO         2151    .text.USBD_StdItfReq  usbd_ctlreq.o
    0x080153b4   0x080153b4   0x00000004   PAD
    0x080153b8   0x080153b8   0x00000008   Code   RO           69    .text.USBD_static_free  usbd_conf.o
    0x080153c0   0x080153c0   0x00000010   Code   RO           67    .text.USBD_static_malloc  usbd_conf.o
    0x080153d0   0x080153d0   0x000000de   Code   RO          212    .text.USB_ActivateEndpoint  stm32h7xx_ll_usb.o
    0x080154ae   0x080154ae   0x00000002   PAD
    0x080154b0   0x080154b0   0x0000002c   Code   RO          254    .text.USB_ActivateSetup  stm32h7xx_ll_usb.o
    0x080154dc   0x080154dc   0x00000004   PAD
    0x080154e0   0x080154e0   0x00000112   Code   RO          188    .text.USB_CoreInit  stm32h7xx_ll_usb.o
    0x080155f2   0x080155f2   0x00000006   PAD
    0x080155f8   0x080155f8   0x00000084   Code   RO          190    .text.USB_CoreReset  stm32h7xx_ll_usb.o
    0x0801567c   0x0801567c   0x00000004   PAD
    0x08015680   0x08015680   0x00000138   Code   RO          216    .text.USB_DeactivateEndpoint  stm32h7xx_ll_usb.o
    0x080157b8   0x080157b8   0x0000002a   Code   RO          236    .text.USB_DevConnect  stm32h7xx_ll_usb.o
    0x080157e2   0x080157e2   0x00000006   PAD
    0x080157e8   0x080157e8   0x0000002a   Code   RO          238    .text.USB_DevDisconnect  stm32h7xx_ll_usb.o
    0x08015812   0x08015812   0x00000006   PAD
    0x08015818   0x08015818   0x000002b8   Code   RO          202    .text.USB_DevInit   stm32h7xx_ll_usb.o
    0x08015ad0   0x08015ad0   0x00000014   Code   RO          196    .text.USB_DisableGlobalInt  stm32h7xx_ll_usb.o
    0x08015ae4   0x08015ae4   0x00000004   PAD
    0x08015ae8   0x08015ae8   0x0000009e   Code   RO          256    .text.USB_EP0_OutStart  stm32h7xx_ll_usb.o
    0x08015b86   0x08015b86   0x00000002   PAD
    0x08015b88   0x08015b88   0x000000a0   Code   RO          230    .text.USB_EPClearStall  stm32h7xx_ll_usb.o
    0x08015c28   0x08015c28   0x000000a8   Code   RO          228    .text.USB_EPSetStall  stm32h7xx_ll_usb.o
    0x08015cd0   0x08015cd0   0x000003e8   Code   RO          220    .text.USB_EPStartXfer  stm32h7xx_ll_usb.o
    0x080160b8   0x080160b8   0x0000011c   Code   RO          224    .text.USB_EPStopXfer  stm32h7xx_ll_usb.o
    0x080161d4   0x080161d4   0x00000004   PAD
    0x080161d8   0x080161d8   0x00000014   Code   RO          194    .text.USB_EnableGlobalInt  stm32h7xx_ll_usb.o
    0x080161ec   0x080161ec   0x00000004   PAD
    0x080161f0   0x080161f0   0x00000080   Code   RO          208    .text.USB_FlushRxFifo  stm32h7xx_ll_usb.o
    0x08016270   0x08016270   0x00000086   Code   RO          206    .text.USB_FlushTxFifo  stm32h7xx_ll_usb.o
    0x080162f6   0x080162f6   0x00000002   PAD
    0x080162f8   0x080162f8   0x0000004c   Code   RO          210    .text.USB_GetDevSpeed  stm32h7xx_ll_usb.o
    0x08016344   0x08016344   0x00000004   PAD
    0x08016348   0x08016348   0x00000010   Code   RO          200    .text.USB_GetMode   stm32h7xx_ll_usb.o
    0x08016358   0x08016358   0x00000024   Code   RO          246    .text.USB_ReadDevAllInEpInterrupt  stm32h7xx_ll_usb.o
    0x0801637c   0x0801637c   0x00000004   PAD
    0x08016380   0x08016380   0x00000024   Code   RO          244    .text.USB_ReadDevAllOutEpInterrupt  stm32h7xx_ll_usb.o
    0x080163a4   0x080163a4   0x00000004   PAD
    0x080163a8   0x080163a8   0x0000004e   Code   RO          250    .text.USB_ReadDevInEPInterrupt  stm32h7xx_ll_usb.o
    0x080163f6   0x080163f6   0x00000002   PAD
    0x080163f8   0x080163f8   0x0000002e   Code   RO          248    .text.USB_ReadDevOutEPInterrupt  stm32h7xx_ll_usb.o
    0x08016426   0x08016426   0x00000002   PAD
    0x08016428   0x08016428   0x0000001a   Code   RO          240    .text.USB_ReadInterrupts  stm32h7xx_ll_usb.o
    0x08016442   0x08016442   0x00000006   PAD
    0x08016448   0x08016448   0x000000b4   Code   RO          226    .text.USB_ReadPacket  stm32h7xx_ll_usb.o
    0x080164fc   0x080164fc   0x00000004   PAD
    0x08016500   0x08016500   0x00000034   Code   RO         3260    .text.USB_RxData    raspi.o
    0x08016534   0x08016534   0x00000004   PAD
    0x08016538   0x08016538   0x000000de   Code   RO          198    .text.USB_SetCurrentMode  stm32h7xx_ll_usb.o
    0x08016616   0x08016616   0x00000002   PAD
    0x08016618   0x08016618   0x00000036   Code   RO          234    .text.USB_SetDevAddress  stm32h7xx_ll_usb.o
    0x0801664e   0x0801664e   0x00000002   PAD
    0x08016650   0x08016650   0x00000022   Code   RO          204    .text.USB_SetDevSpeed  stm32h7xx_ll_usb.o
    0x08016672   0x08016672   0x00000006   PAD
    0x08016678   0x08016678   0x000001ba   Code   RO          192    .text.USB_SetTurnaroundTime  stm32h7xx_ll_usb.o
    0x08016832   0x08016832   0x00000006   PAD
    0x08016838   0x08016838   0x00000082   Code   RO          222    .text.USB_WritePacket  stm32h7xx_ll_usb.o
    0x080168ba   0x080168ba   0x00000006   PAD
    0x080168c0   0x080168c0   0x00000004   Code   RO         2921    .text.UsageFault_Handler  stm32h7xx_it.o
    0x080168c4   0x080168c4   0x00000004   PAD
    0x080168c8   0x080168c8   0x000000f2   Code   RO         3229    .text.User_Hardware_Init  system.o
    0x080169ba   0x080169ba   0x00000006   PAD
    0x080169c0   0x080169c0   0x000000e2   Code   RO         3032    .text.WS2812_Ctrl   ws2812.o
    0x08016aa2   0x08016aa2   0x00000006   PAD
    0x08016aa8   0x08016aa8   0x0000008c   Code   RO         3254    .text.Write_Data    raspi.o
    0x08016b34   0x08016b34   0x00000004   PAD
    0x08016b38   0x08016b38   0x00000030   Code   RO          800    .text.__NVIC_EnableIRQ  stm32h7xx_hal_cortex.o
    0x08016b68   0x08016b68   0x00000010   Code   RO          792    .text.__NVIC_GetPriorityGrouping  stm32h7xx_hal_cortex.o
    0x08016b78   0x08016b78   0x00000042   Code   RO          794    .text.__NVIC_SetPriority  stm32h7xx_hal_cortex.o
    0x08016bba   0x08016bba   0x00000006   PAD
    0x08016bc0   0x08016bc0   0x0000003c   Code   RO          788    .text.__NVIC_SetPriorityGrouping  stm32h7xx_hal_cortex.o
    0x08016bfc   0x08016bfc   0x00000004   PAD
    0x08016c00   0x08016c00   0x00000198   Code   RO         3385    .text.arm_get_action  act.o
    0x08016d98   0x08016d98   0x00000044   Code   RO         3075    .text.arm_init      arm.o
    0x08016ddc   0x08016ddc   0x00000004   PAD
    0x08016de0   0x08016de0   0x0000008e   Code   RO         3379    .text.arm_lock      act.o
    0x08016e6e   0x08016e6e   0x00000002   PAD
    0x08016e70   0x08016e70   0x0000020e   Code   RO         3377    .text.arm_move      act.o
    0x0801707e   0x0801707e   0x00000002   PAD
    0x08017080   0x08017080   0x0000015a   Code   RO         3387    .text.arm_p_put_action  act.o
    0x080171da   0x080171da   0x00000006   PAD
    0x080171e0   0x080171e0   0x0000007c   Code   RO         3389    .text.arm_p_put_on_mode_action  act.o
    0x0801725c   0x0801725c   0x00000004   PAD
    0x08017260   0x08017260   0x0000007c   Code   RO         3391    .text.arm_pd_get_action  act.o
    0x080172dc   0x080172dc   0x00000004   PAD
    0x080172e0   0x080172e0   0x0000005c   Code   RO         3065    .text.arm_read_PU   arm.o
    0x0801733c   0x0801733c   0x00000004   PAD
    0x08017340   0x08017340   0x0000005c   Code   RO         3067    .text.arm_set_PU    arm.o
    0x0801739c   0x0801739c   0x00000004   PAD
    0x080173a0   0x080173a0   0x00000010   Code   RO         3256    .text.ascll         raspi.o
    0x080173b0   0x080173b0   0x0000018e   Code   RO         2974    .text.bmi088_accel_init  bmi088driver.o
    0x0801753e   0x0801753e   0x00000002   PAD
    0x08017540   0x08017540   0x00000146   Code   RO         2976    .text.bmi088_gyro_init  bmi088driver.o
    0x08017686   0x08017686   0x00000002   PAD
    0x08017688   0x08017688   0x00000024   Code   RO         3040    .text.can_bsp_init  can_bsp.o
    0x080176ac   0x080176ac   0x00000004   PAD
    0x080176b0   0x080176b0   0x0000004e   Code   RO         3042    .text.can_filter_init  can_bsp.o
    0x080176fe   0x080176fe   0x00000002   PAD
    0x08017700   0x08017700   0x000000f2   Code   RO         3231    .text.creat_task    system.o
    0x080177f2   0x080177f2   0x00000006   PAD
    0x080177f8   0x080177f8   0x000000f6   Code   RO         3050    .text.fdcan1_rx_callback  can_bsp.o
    0x080178ee   0x080178ee   0x00000002   PAD
    0x080178f0   0x080178f0   0x0000004e   Code   RO         3052    .text.fdcanx_receive_frame  can_bsp.o
    0x0801793e   0x0801793e   0x00000002   PAD
    0x08017940   0x08017940   0x00000050   Code   RO         3044    .text.fdcanx_send_data  can_bsp.o
    0x08017990   0x08017990   0x0000001a   Code   RO         3054    .text.fdcanx_send_frame  can_bsp.o
    0x080179aa   0x080179aa   0x00000006   PAD
    0x080179b0   0x080179b0   0x00000068   Code   RO         3408    .text.get_from_ring  path.o
    0x08017a18   0x08017a18   0x0000005a   Code   RO         2982    .text.get_gz_error  bmi088driver.o
    0x08017a72   0x08017a72   0x00000006   PAD
    0x08017a78   0x08017a78   0x000000d4   Code   RO         3404    .text.get_mode      path.o
    0x08017b4c   0x08017b4c   0x00000004   PAD
    0x08017b50   0x08017b50   0x0000004c   Code   RO         2789    .text.main          main.o
    0x08017b9c   0x08017b9c   0x00000004   PAD
    0x08017ba0   0x08017ba0   0x00000028   Code   RO         2612    .text.makeFreeRtosPriority  cmsis_os.o
    0x08017bc8   0x08017bc8   0x00000028   Code   RO         2626    .text.osDelay       cmsis_os.o
    0x08017bf0   0x08017bf0   0x0000000a   Code   RO         2602    .text.osKernelStart  cmsis_os.o
    0x08017bfa   0x08017bfa   0x00000006   PAD
    0x08017c00   0x08017c00   0x000000ac   Code   RO         2610    .text.osThreadCreate  cmsis_os.o
    0x08017cac   0x08017cac   0x00000004   PAD
    0x08017cb0   0x08017cb0   0x00000040   Code   RO         3077    .text.paw_set       arm.o
    0x08017cf0   0x08017cf0   0x0000004c   Code   RO         3223    .text.print         system.o
    0x08017d3c   0x08017d3c   0x00000004   PAD
    0x08017d40   0x08017d40   0x0000001c   Code   RO         3326    .text.protocol_init  protocol.o
    0x08017d5c   0x08017d5c   0x00000004   PAD
    0x08017d60   0x08017d60   0x000000f4   Code   RO         2484    .text.prvAddCurrentTaskToDelayedList  tasks.o
    0x08017e54   0x08017e54   0x00000004   PAD
    0x08017e58   0x08017e58   0x00000110   Code   RO         2470    .text.prvAddNewTaskToReadyList  tasks.o
    0x08017f68   0x08017f68   0x0000005a   Code   RO         2570    .text.prvCheckTasksWaitingTermination  tasks.o
    0x08017fc2   0x08017fc2   0x00000006   PAD
    0x08017fc8   0x08017fc8   0x0000005e   Code   RO         2476    .text.prvDeleteTCB  tasks.o
    0x08018026   0x08018026   0x00000002   PAD
    0x08018028   0x08018028   0x000000bc   Code   RO         2724    .text.prvHeapInit   heap_4.o
    0x080180e4   0x080180e4   0x00000004   PAD
    0x080180e8   0x080180e8   0x00000038   Code   RO         2508    .text.prvIdleTask   tasks.o
    0x08018120   0x08018120   0x00000114   Code   RO         2468    .text.prvInitialiseNewTask  tasks.o
    0x08018234   0x08018234   0x00000004   PAD
    0x08018238   0x08018238   0x0000008e   Code   RO         2568    .text.prvInitialiseTaskLists  tasks.o
    0x080182c6   0x080182c6   0x00000002   PAD
    0x080182c8   0x080182c8   0x000000c6   Code   RO         2726    .text.prvInsertBlockIntoFreeList  heap_4.o
    0x0801838e   0x0801838e   0x00000002   PAD
    0x08018390   0x08018390   0x00000028   Code   RO         2765    .text.prvPortStartFirstTask  port.o
    0x080183b8   0x080183b8   0x00000046   Code   RO         2478    .text.prvResetNextTaskUnblockTime  tasks.o
    0x080183fe   0x080183fe   0x00000002   PAD
    0x08018400   0x08018400   0x0000004c   Code   RO         2755    .text.prvTaskExitError  port.o
    0x0801844c   0x0801844c   0x00000004   PAD
    0x08018450   0x08018450   0x0000024c   Code   RO         3406    .text.put_to_ring   path.o
    0x0801869c   0x0801869c   0x00000004   PAD
    0x080186a0   0x080186a0   0x000001ec   Code   RO         2722    .text.pvPortMalloc  heap_4.o
    0x0801888c   0x0801888c   0x00000004   PAD
    0x08018890   0x08018890   0x0000005e   Code   RO         2753    .text.pxPortInitialiseStack  port.o
    0x080188ee   0x080188ee   0x00000002   PAD
    0x080188f0   0x080188f0   0x000004e6   Code   RO         3381    .text.scan_adjust   act.o
    0x08018dd6   0x08018dd6   0x00000002   PAD
    0x08018dd8   0x08018dd8   0x00000068   Code   RO         3375    .text.scan_qr       act.o
    0x08018e40   0x08018e40   0x00000034   Code   RO         3073    .text.set_maxspeed  arm.o
    0x08018e74   0x08018e74   0x00000004   PAD
    0x08018e78   0x08018e78   0x0000002a   Code   RO         3163    .text.singel_motor_init  dji_motor.o
    0x08018ea2   0x08018ea2   0x00000006   PAD
    0x08018ea8   0x08018ea8   0x0000001a   Code   RO         3402    .text.start         path.o
    0x08018ec2   0x08018ec2   0x00000006   PAD
    0x08018ec8   0x08018ec8   0x00000048   Code   RO         2338    .text.uxListRemove  list.o
    0x08018f10   0x08018f10   0x0000002a   Code   RO         2815    .text.vApplicationGetIdleTaskMemory  freertos.o
    0x08018f3a   0x08018f3a   0x00000006   PAD
    0x08018f40   0x08018f40   0x0000002e   Code   RO         2330    .text.vListInitialise  list.o
    0x08018f6e   0x08018f6e   0x00000002   PAD
    0x08018f70   0x08018f70   0x0000000e   Code   RO         2332    .text.vListInitialiseItem  list.o
    0x08018f7e   0x08018f7e   0x00000002   PAD
    0x08018f80   0x08018f80   0x0000006a   Code   RO         2336    .text.vListInsert   list.o
    0x08018fea   0x08018fea   0x00000006   PAD
    0x08018ff0   0x08018ff0   0x0000003a   Code   RO         2334    .text.vListInsertEnd  list.o
    0x0801902a   0x0801902a   0x00000006   PAD
    0x08019030   0x08019030   0x00000014   Code   RO         2763    .text.vPortEnableVFP  port.o
    0x08019044   0x08019044   0x00000004   PAD
    0x08019048   0x08019048   0x00000056   Code   RO         2769    .text.vPortEnterCritical  port.o
    0x0801909e   0x0801909e   0x00000002   PAD
    0x080190a0   0x080190a0   0x0000004a   Code   RO         2771    .text.vPortExitCritical  port.o
    0x080190ea   0x080190ea   0x00000006   PAD
    0x080190f0   0x080190f0   0x000000ce   Code   RO         2728    .text.vPortFree     heap_4.o
    0x080191be   0x080191be   0x00000002   PAD
    0x080191c0   0x080191c0   0x00000044   Code   RO         2761    .text.vPortSetupTimerInterrupt  port.o
    0x08019204   0x08019204   0x00000004   PAD
    0x08019208   0x08019208   0x0000006e   Code   RO         2488    .text.vTaskDelay    tasks.o
    0x08019276   0x08019276   0x00000002   PAD
    0x08019278   0x08019278   0x00000114   Code   RO         2480    .text.vTaskDelayUntil  tasks.o
    0x0801938c   0x0801938c   0x00000004   PAD
    0x08019390   0x08019390   0x000000ce   Code   RO         2506    .text.vTaskStartScheduler  tasks.o
    0x0801945e   0x0801945e   0x00000002   PAD
    0x08019460   0x08019460   0x00000010   Code   RO         2482    .text.vTaskSuspendAll  tasks.o
    0x08019470   0x08019470   0x000000be   Code   RO         2498    .text.vTaskSwitchContext  tasks.o
    0x0801952e   0x0801952e   0x00000002   PAD
    0x08019530   0x08019530   0x00000156   Code   RO         2759    .text.xPortStartScheduler  port.o
    0x08019686   0x08019686   0x00000002   PAD
    0x08019688   0x08019688   0x0000009e   Code   RO         2472    .text.xTaskCreate   tasks.o
    0x08019726   0x08019726   0x00000002   PAD
    0x08019728   0x08019728   0x000000ce   Code   RO         2466    .text.xTaskCreateStatic  tasks.o
    0x080197f6   0x080197f6   0x00000002   PAD
    0x080197f8   0x080197f8   0x00000014   Code   RO         2514    .text.xTaskGetTickCount  tasks.o
    0x0801980c   0x0801980c   0x00000004   PAD
    0x08019810   0x08019810   0x000001b8   Code   RO         2512    .text.xTaskIncrementTick  tasks.o
    0x080199c8   0x080199c8   0x00000178   Code   RO         2486    .text.xTaskResumeAll  tasks.o
    0x08019b40   0x08019b40   0x00000050   Code   RO         3383    .text.yaw_adjust    act.o
    0x08019b90   0x08019b90   0x00000034   Code   RO         3532    i.__0vsnprintf      mc_w.l(printfa.o)
    0x08019bc4   0x08019bc4   0x00000030   Code   RO         3588    i.__ARM_fpclassify  m_wv.l(fpclassify.o)
    0x08019bf4   0x08019bf4   0x00000026   Code   RO         3590    i.__ARM_fpclassifyf  m_wv.l(fpclassifyf.o)
    0x08019c1a   0x08019c1a   0x00000002   PAD
    0x08019c1c   0x08019c1c   0x00000008   Code   RO         3679    i.__aeabi_errno_addr  mc_w.l(errno.o)
    0x08019c24   0x08019c24   0x00000004   PAD
    0x08019c28   0x08019c28   0x000001d4   Code   RO         3558    i.__hardfp_atan     m_wv.l(atan.o)
    0x08019dfc   0x08019dfc   0x00000004   PAD
    0x08019e00   0x08019e00   0x000001c8   Code   RO         3453    i.__hardfp_atan2    m_wv.l(atan2.o)
    0x08019fc8   0x08019fc8   0x000000b0   Code   RO         3459    i.__hardfp_cos      m_wv.l(cos.o)
    0x0801a078   0x0801a078   0x000008c4   Code   RO         3465    i.__hardfp_pow      m_wv.l(pow.o)
    0x0801a93c   0x0801a93c   0x00000664   Code   RO         3472    i.__hardfp_powf     m_wv.l(powf.o)
    0x0801afa0   0x0801afa0   0x000000b0   Code   RO         3479    i.__hardfp_sin      m_wv.l(sin.o)
    0x0801b050   0x0801b050   0x00000066   Code   RO         3485    i.__hardfp_sqrt     m_wv.l(sqrt.o)
    0x0801b0b6   0x0801b0b6   0x0000003a   Code   RO         3491    i.__hardfp_sqrtf    m_wv.l(sqrtf.o)
    0x0801b0f0   0x0801b0f0   0x00000020   Code   RO         3497    i.__hardfp_strtof   m_wv.l(strtof.o)
    0x0801b110   0x0801b110   0x00000308   Code   RO         3609    i.__ieee754_rem_pio2  m_wv.l(rred.o)
    0x0801b418   0x0801b418   0x000000c4   Code   RO         3565    i.__kernel_cos      m_wv.l(cos_i.o)
    0x0801b4dc   0x0801b4dc   0x00000070   Code   RO         3606    i.__kernel_poly     m_wv.l(poly.o)
    0x0801b54c   0x0801b54c   0x00000004   PAD
    0x0801b550   0x0801b550   0x000000a0   Code   RO         3614    i.__kernel_sin      m_wv.l(sin_i.o)
    0x0801b5f0   0x0801b5f0   0x00000018   Code   RO         3568    i.__mathlib_dbl_divzero  m_wv.l(dunder.o)
    0x0801b608   0x0801b608   0x00000006   Code   RO         3569    i.__mathlib_dbl_infnan  m_wv.l(dunder.o)
    0x0801b60e   0x0801b60e   0x00000006   Code   RO         3570    i.__mathlib_dbl_infnan2  m_wv.l(dunder.o)
    0x0801b614   0x0801b614   0x00000004   PAD
    0x0801b618   0x0801b618   0x00000018   Code   RO         3571    i.__mathlib_dbl_invalid  m_wv.l(dunder.o)
    0x0801b630   0x0801b630   0x00000018   Code   RO         3572    i.__mathlib_dbl_overflow  m_wv.l(dunder.o)
    0x0801b648   0x0801b648   0x00000018   Code   RO         3574    i.__mathlib_dbl_underflow  m_wv.l(dunder.o)
    0x0801b660   0x0801b660   0x00000014   Code   RO         3592    i.__mathlib_flt_divzero  m_wv.l(funder.o)
    0x0801b674   0x0801b674   0x00000006   Code   RO         3594    i.__mathlib_flt_infnan2  m_wv.l(funder.o)
    0x0801b67a   0x0801b67a   0x00000002   PAD
    0x0801b67c   0x0801b67c   0x00000010   Code   RO         3595    i.__mathlib_flt_invalid  m_wv.l(funder.o)
    0x0801b68c   0x0801b68c   0x00000010   Code   RO         3596    i.__mathlib_flt_overflow  m_wv.l(funder.o)
    0x0801b69c   0x0801b69c   0x00000010   Code   RO         3598    i.__mathlib_flt_underflow  m_wv.l(funder.o)
    0x0801b6ac   0x0801b6ac   0x0000000e   Code   RO         3736    i.__scatterload_copy  mc_w.l(handlers.o)
    0x0801b6ba   0x0801b6ba   0x00000002   Code   RO         3737    i.__scatterload_null  mc_w.l(handlers.o)
    0x0801b6bc   0x0801b6bc   0x0000000e   Code   RO         3738    i.__scatterload_zeroinit  mc_w.l(handlers.o)
    0x0801b6ca   0x0801b6ca   0x00000002   PAD
    0x0801b6cc   0x0801b6cc   0x0000000c   Code   RO         3681    i.__set_errno       mc_w.l(errno.o)
    0x0801b6d8   0x0801b6d8   0x00000184   Code   RO         3534    i._fp_digits        mc_w.l(printfa.o)
    0x0801b85c   0x0801b85c   0x0000000e   Code   RO         3721    i._is_digit         mc_w.l(scanf_fp.o)
    0x0801b86a   0x0801b86a   0x00000002   PAD
    0x0801b86c   0x0801b86c   0x000006dc   Code   RO         3535    i._printf_core      mc_w.l(printfa.o)
    0x0801bf48   0x0801bf48   0x00000024   Code   RO         3536    i._printf_post_padding  mc_w.l(printfa.o)
    0x0801bf6c   0x0801bf6c   0x0000002e   Code   RO         3537    i._printf_pre_padding  mc_w.l(printfa.o)
    0x0801bf9a   0x0801bf9a   0x00000016   Code   RO         3538    i._snputc           mc_w.l(printfa.o)
    0x0801bfb0   0x0801bfb0   0x00000010   Code   RO         3560    i.atan              m_wv.l(atan.o)
    0x0801bfc0   0x0801bfc0   0x00000018   Code   RO         3584    i.fabs              m_wv.l(fabs.o)
    0x0801bfd8   0x0801bfd8   0x0000006a   Code   RO         3487    i.sqrt              m_wv.l(sqrt.o)
    0x0801c042   0x0801c042   0x00000006   PAD
    0x0801c048   0x0801c048   0x00000088   Data   RO         3468    .constdata          m_wv.l(pow.o)
    0x0801c0d0   0x0801c0d0   0x00000140   Data   RO         3475    .constdata          m_wv.l(powf.o)
    0x0801c210   0x0801c210   0x00000098   Data   RO         3561    .constdata          m_wv.l(atan.o)
    0x0801c2a8   0x0801c2a8   0x00000030   Data   RO         3566    .constdata          m_wv.l(cos_i.o)
    0x0801c2d8   0x0801c2d8   0x00000008   Data   RO         3608    .constdata          m_wv.l(qnan.o)
    0x0801c2e0   0x0801c2e0   0x000000cc   Data   RO         3611    .constdata          m_wv.l(rred.o)
    0x0801c3ac   0x0801c3ac   0x00000004   PAD
    0x0801c3b0   0x0801c3b0   0x00000028   Data   RO         3615    .constdata          m_wv.l(sin_i.o)
    0x0801c3d8   0x0801c3d8   0x00000081   Data   RO         3652    .constdata          mc_w.l(ctype_o.o)
    0x0801c459   0x0801c459   0x00000003   PAD
    0x0801c45c   0x0801c45c   0x00000004   Data   RO         3653    .constdata          mc_w.l(ctype_o.o)
    0x0801c460   0x0801c460   0x0000004c   Data   RO         1390    .rodata..L__const.HAL_FDCAN_Init.CvtEltSize  stm32h7xx_hal_fdcan.o
    0x0801c4ac   0x0801c4ac   0x0000001c   Data   RO         2824    .rodata..L__const.MX_FREERTOS_Init.os_thread_def_defaultTask  freertos.o
    0x0801c4c8   0x0801c4c8   0x00000010   Data   RO         2070    .rodata.D1CorePrescTable  system_stm32h7xx.o
    0x0801c4d8   0x0801c4d8   0x00000010   Data   RO         1391    .rodata.DLCtoBytes  stm32h7xx_hal_fdcan.o
    0x0801c4e8   0x0801c4e8   0x00000008   Data   RO          580    .rodata.DMA_CalcBaseAndBitshift.flagBitshiftOffset  stm32h7xx_hal_dma.o
    0x0801c4f0   0x0801c4f0   0x00000008   Data   RO         2056    .rodata.UARTEx_SetNbDataToProcess.denominator  stm32h7xx_hal_uart_ex.o
    0x0801c4f8   0x0801c4f8   0x00000008   Data   RO         2055    .rodata.UARTEx_SetNbDataToProcess.numerator  stm32h7xx_hal_uart_ex.o
    0x0801c500   0x0801c500   0x00000018   Data   RO         2011    .rodata.UARTPrescTable  stm32h7xx_hal_uart.o
    0x0801c518   0x0801c518   0x00000100   Data   RO         3094    .rodata.crc8Table   crc.o
    0x0801c618   0x0801c618   0x00000042   Data   RO         2269    .rodata.str1.1      usbd_desc.o
    0x0801c65a   0x0801c65a   0x00000005   Data   RO         2584    .rodata.str1.1      tasks.o
    0x0801c65f   0x0801c65f   0x0000000c   Data   RO         2823    .rodata.str1.1      freertos.o
    0x0801c66b   0x0801c66b   0x000000f8   Data   RO         3211    .rodata.str1.1      imu.o
    0x0801c763   0x0801c763   0x000001c2   Data   RO         3244    .rodata.str1.1      system.o
    0x0801c925   0x0801c925   0x0000004e   Data   RO         3271    .rodata.str1.1      raspi.o
    0x0801c973   0x0801c973   0x0000004d   Data   RO         3288    .rodata.str1.1      shell.o
    0x0801c9c0   0x0801c9c0   0x00000258   Data   RO         3312    .rodata.str1.1      motor.o
    0x0801cc18   0x0801cc18   0x00000036   Data   RO         3394    .rodata.str1.1      act.o
    0x0801cc4e   0x0801cc4e   0x00000002   PAD
    0x0801cc50   0x0801cc50   0x00000030   Data   RO         3735    Region$$Table       anon$$obj.o


    Execution Region RW_IRAM1 (Exec base: 0x20000000, Load base: 0x0801cc80, Size: 0x00007800, Max: 0x00020000, ABSOLUTE)

    Exec Addr    Load Addr    Size         Type   Attr      Idx    E Section Name        Object

    0x20000000        -       0x00007800   Zero   RW         2745    .bss.ucHeap         heap_4.o


    Execution Region RW_IRAM2 (Exec base: 0x24000000, Load base: 0x0801cc80, Size: 0x00005d40, Max: 0x00020000, ABSOLUTE, COMPRESSED[0x000004c0])

    Exec Addr    Load Addr    Size         Type   Attr      Idx    E Section Name        Object

    0x24000000   COMPRESSED   0x00000004   Data   RW         3519    .data               mc_w.l(strtok.o)
    0x24000004   COMPRESSED   0x00000004   Data   RW         3682    .data               mc_w.l(errno.o)
    0x24000008   COMPRESSED   0x00000001   Data   RW         2226    .data.CDCCmdEpAdd   usbd_cdc.o
    0x24000009   COMPRESSED   0x00000001   Data   RW         2224    .data.CDCInEpAdd    usbd_cdc.o
    0x2400000a   COMPRESSED   0x00000001   Data   RW         2225    .data.CDCOutEpAdd   usbd_cdc.o
    0x2400000b   COMPRESSED   0x00000001   PAD
    0x2400000c   COMPRESSED   0x00000020   Data   RW         2264    .data.HS_Desc       usbd_desc.o
    0x2400002c   COMPRESSED   0x00000004   Data   RW         3243    .data.PCB_LED       system.o
    0x24000030   COMPRESSED   0x00000004   Data   RW         2068    .data.SystemCoreClock  system_stm32h7xx.o
    0x24000034   COMPRESSED   0x00000004   Data   RW         2069    .data.SystemD2Clock  system_stm32h7xx.o
    0x24000038   COMPRESSED   0x00000038   Data   RW         2222    .data.USBD_CDC      usbd_cdc.o
    0x24000070   COMPRESSED   0x00000043   Data   RW         2227    .data.USBD_CDC_CfgDesc  usbd_cdc.o
    0x240000b3   COMPRESSED   0x00000001   PAD
    0x240000b4   COMPRESSED   0x0000000a   Data   RW         2223    .data.USBD_CDC_DeviceQualifierDesc  usbd_cdc.o
    0x240000be   COMPRESSED   0x00000002   PAD
    0x240000c0   COMPRESSED   0x00000012   Data   RW         2265    .data.USBD_HS_DeviceDesc  usbd_desc.o
    0x240000d2   COMPRESSED   0x00000002   PAD
    0x240000d4   COMPRESSED   0x00000014   Data   RW         2290    .data.USBD_Interface_fops_HS  usbd_cdc_if.o
    0x240000e8   COMPRESSED   0x00000004   Data   RW         2267    .data.USBD_LangIDDesc  usbd_desc.o
    0x240000ec   COMPRESSED   0x0000001a   Data   RW         2268    .data.USBD_StringSerial  usbd_desc.o
    0x24000106   COMPRESSED   0x00000002   PAD
    0x24000108   COMPRESSED   0x00000028   Data   RW         3422    .data.arm_look      arm_path.o
    0x24000130   COMPRESSED   0x00000050   Data   RW         3420    .data.arm_move_start  arm_path.o
    0x24000180   COMPRESSED   0x00000028   Data   RW         3421    .data.arm_move_state  arm_path.o
    0x240001a8   COMPRESSED   0x000000a0   Data   RW         3425    .data.left_get      arm_path.o
    0x24000248   COMPRESSED   0x000000a0   Data   RW         3426    .data.left_put      arm_path.o
    0x240002e8   COMPRESSED   0x000000a0   Data   RW         3423    .data.mid_get       arm_path.o
    0x24000388   COMPRESSED   0x000000a0   Data   RW         3424    .data.mid_put       arm_path.o
    0x24000428   COMPRESSED   0x00000028   Data   RW         3429    .data.p_arm_high_look  arm_path.o
    0x24000450   COMPRESSED   0x00000028   Data   RW         3430    .data.p_arm_look    arm_path.o
    0x24000478   COMPRESSED   0x000000a0   Data   RW         3435    .data.p_left_get    arm_path.o
    0x24000518   COMPRESSED   0x000000a0   Data   RW         3438    .data.p_left_put    arm_path.o
    0x240005b8   COMPRESSED   0x00000078   Data   RW         3437    .data.p_left_put_after  arm_path.o
    0x24000630   COMPRESSED   0x00000050   Data   RW         3436    .data.p_left_put_before  arm_path.o
    0x24000680   COMPRESSED   0x000000a0   Data   RW         3431    .data.p_mid_get     arm_path.o
    0x24000720   COMPRESSED   0x000000a0   Data   RW         3434    .data.p_mid_put     arm_path.o
    0x240007c0   COMPRESSED   0x00000078   Data   RW         3433    .data.p_mid_put_after  arm_path.o
    0x24000838   COMPRESSED   0x00000050   Data   RW         3432    .data.p_mid_put_before  arm_path.o
    0x24000888   COMPRESSED   0x000000a0   Data   RW         3439    .data.p_right_get   arm_path.o
    0x24000928   COMPRESSED   0x000000a0   Data   RW         3442    .data.p_right_put   arm_path.o
    0x240009c8   COMPRESSED   0x00000078   Data   RW         3441    .data.p_right_put_after  arm_path.o
    0x24000a40   COMPRESSED   0x00000050   Data   RW         3440    .data.p_right_put_before  arm_path.o
    0x24000a90   COMPRESSED   0x000000c8   Data   RW         3446    .data.pd_left_get   arm_path.o
    0x24000b58   COMPRESSED   0x000000a0   Data   RW         3445    .data.pd_left_put   arm_path.o
    0x24000bf8   COMPRESSED   0x000000c8   Data   RW         3444    .data.pd_mid_get    arm_path.o
    0x24000cc0   COMPRESSED   0x000000a0   Data   RW         3443    .data.pd_mid_put    arm_path.o
    0x24000d60   COMPRESSED   0x000000c8   Data   RW         3448    .data.pd_right_get  arm_path.o
    0x24000e28   COMPRESSED   0x000000a0   Data   RW         3447    .data.pd_right_put  arm_path.o
    0x24000ec8   COMPRESSED   0x00000001   Data   RW         3269    .data.raspi_usb_state  raspi.o
    0x24000ec9   COMPRESSED   0x00000007   PAD
    0x24000ed0   COMPRESSED   0x000000a0   Data   RW         3427    .data.right_get     arm_path.o
    0x24000f70   COMPRESSED   0x000000a0   Data   RW         3428    .data.right_put     arm_path.o
    0x24001010   COMPRESSED   0x00000001   Data   RW         3360    .data.rs485_2       rs485.o
    0x24001011   COMPRESSED   0x00000001   Data   RW          968    .data.uwTickFreq    stm32h7xx_hal.o
    0x24001012   COMPRESSED   0x00000002   PAD
    0x24001014   COMPRESSED   0x00000004   Data   RW          967    .data.uwTickPrio    stm32h7xx_hal.o
    0x24001018   COMPRESSED   0x00000004   Data   RW         2781    .data.uxCriticalNesting  port.o
    0x2400101c   COMPRESSED   0x00000012   Data   RW         2996    .data.write_BMI088_accel_reg_data_error  bmi088driver.o
    0x2400102e   COMPRESSED   0x00000012   Data   RW         2997    .data.write_BMI088_gyro_reg_data_error  bmi088driver.o
    0x24001040        -       0x00000002   Zero   RW         2999    .bss.BMI088_read_gz.last_data  bmi088driver.o
    0x24001042        -       0x0000000c   Zero   RW         3056    .bss.Can1_Rx        can_bsp.o
    0x2400104e   COMPRESSED   0x00000002   PAD
    0x24001050        -       0x00000074   Zero   RW         3196    .bss.Dcar           carlib.o
    0x240010c4        -       0x00000048   Zero   RW         3174    .bss.LD_Motor       dji_motor.o
    0x2400110c        -       0x00000048   Zero   RW         3173    .bss.LU_Motor       dji_motor.o
    0x24001154        -       0x00000014   Zero   RW         3264    .bss.QR_code_array  raspi.o
    0x24001168        -       0x00000200   Zero   RW         3267    .bss.RASPI_RXBUFFER  raspi.o
    0x24001368        -       0x00000048   Zero   RW         3176    .bss.RD_Motor       dji_motor.o
    0x240013b0        -       0x00000f50   Zero   RW         3289    .bss.REGD_CMD       shell.o
    0x24002300        -       0x00000100   Zero   RW         3237    .bss.RS485_RecvBuffer  system.o
    0x24002400        -       0x00000004   Zero   RW         3238    .bss.RS485_RecvNum  system.o
    0x24002404        -       0x00000048   Zero   RW         3175    .bss.RU_Motor       dji_motor.o
    0x2400244c   COMPRESSED   0x00000004   PAD
    0x24002450        -       0x00000058   Zero   RW         3239    .bss.RoboArm        system.o
    0x240024a8        -       0x00000014   Zero   RW         3265    .bss.Scan_cross_array  raspi.o
    0x240024bc        -       0x00000014   Zero   RW         3266    .bss.Scan_weight_array  raspi.o
    0x240024d0        -       0x00000001   Zero   RW         3287    .bss.ShellCmdRegister.cmd_num  shell.o
    0x240024d1        -       0x00000032   Zero   RW         3290    .bss.UART_Recv_Callback.CMD_Buff  shell.o
    0x24002503   COMPRESSED   0x00000001   PAD
    0x24002504        -       0x00000004   Zero   RW         3291    .bss.UART_Recv_Callback.recv_cont  shell.o
    0x24002508        -       0x00000001   Zero   RW         2163    .bss.USBD_SetConfig.cfgidx  usbd_ctlreq.o
    0x24002509   COMPRESSED   0x00000003   PAD
    0x2400250c        -       0x00000200   Zero   RW         2270    .bss.USBD_StrDesc   usbd_desc.o
    0x2400270c        -       0x00000220   Zero   RW           74    .bss.USBD_static_malloc.mem  usbd_conf.o
    0x2400292c        -       0x00000800   Zero   RW         2291    .bss.UserRxBufferHS  usbd_cdc_if.o
    0x2400312c        -       0x00000800   Zero   RW         2292    .bss.UserTxBufferHS  usbd_cdc_if.o
    0x2400392c        -       0x00000001   Zero   RW         3309    .bss.arm_activate   motor.o
    0x2400392d   COMPRESSED   0x00000003   PAD
    0x24003930        -       0x00000004   Zero   RW         2825    .bss.defaultTaskHandle  freertos.o
    0x24003934        -       0x00000004   Zero   RW         3308    .bss.goal_angle     motor.o
    0x24003938        -       0x00000004   Zero   RW         3209    .bss.gyroz          imu.o
    0x2400393c        -       0x00000002   Zero   RW         2998    .bss.gyroz_zero_error  bmi088driver.o
    0x2400393e   COMPRESSED   0x00000002   PAD
    0x24003940        -       0x000002dc   Zero   RW         2237    .bss.hUsbDeviceHS   usb_device.o
    0x24003c1c        -       0x00000078   Zero   RW         2866    .bss.hdma_spi2_rx   spi.o
    0x24003c94        -       0x00000078   Zero   RW         2867    .bss.hdma_spi2_tx   spi.o
    0x24003d0c        -       0x000000a0   Zero   RW         2847    .bss.hfdcan1        fdcan.o
    0x24003dac        -       0x0000050c   Zero   RW           73    .bss.hpcd_USB_OTG_HS  usbd_conf.o
    0x240042b8        -       0x00000088   Zero   RW         2864    .bss.hspi2          spi.o
    0x24004340        -       0x00000088   Zero   RW         2865    .bss.hspi6          spi.o
    0x240043c8        -       0x0000004c   Zero   RW         2887    .bss.htim16         tim.o
    0x24004414        -       0x0000004c   Zero   RW         2964    .bss.htim17         stm32h7xx_hal_timebase_tim.o
    0x24004460        -       0x0000004c   Zero   RW         2888    .bss.htim23         tim.o
    0x240044ac        -       0x00000094   Zero   RW         2904    .bss.huart1         usart.o
    0x24004540        -       0x00000094   Zero   RW         2905    .bss.huart2         usart.o
    0x240045d4        -       0x00000003   Zero   RW         3393    .bss.mode_array     act.o
    0x240045d7        -       0x00000001   Zero   RW         3272    .bss.mode_state     raspi.o
    0x240045d8        -       0x0000000c   Zero   RW         3344    .bss.parser         protocol.o
    0x240045e4        -       0x00000001   Zero   RW         3310    .bss.paw_goal_state  motor.o
    0x240045e5        -       0x00000001   Zero   RW         3311    .bss.paw_now_state  motor.o
    0x240045e6        -       0x00000100   Zero   RW         3242    .bss.print.Uart1_TxBuffer  system.o
    0x240046e6   COMPRESSED   0x00000002   PAD
    0x240046e8        -       0x00000004   Zero   RW         2572    .bss.pxCurrentTCB   tasks.o
    0x240046ec        -       0x00000004   Zero   RW         2589    .bss.pxDelayedTaskList  tasks.o
    0x240046f0        -       0x00000004   Zero   RW         2738    .bss.pxEnd          heap_4.o
    0x240046f4        -       0x00000004   Zero   RW         2590    .bss.pxOverflowDelayedTaskList  tasks.o
    0x240046f8        -       0x0000008c   Zero   RW         2573    .bss.pxReadyTasksLists  tasks.o
    0x24004784        -       0x00000004   Zero   RW         3268    .bss.raspi_rx_num   raspi.o
    0x24004788        -       0x00000001   Zero   RW         3273    .bss.rec_sta        raspi.o
    0x24004789        -       0x00000080   Zero   RW         3345    .bss.recv_buf       protocol.o
    0x24004809        -       0x00000001   Zero   RW         3241    .bss.rx485_nowRx    system.o
    0x2400480a        -       0x00000001   Zero   RW         3412    .bss.start_path     path.o
    0x2400480b   COMPRESSED   0x00000001   PAD
    0x2400480c        -       0x00000004   Zero   RW         3210    .bss.temp           imu.o
    0x24004810        -       0x00000001   Zero   RW         3240    .bss.uart1_nowRx    system.o
    0x24004811        -       0x00000001   Zero   RW         2779    .bss.ucMaxSysCallPriority  port.o
    0x24004812   COMPRESSED   0x00000002   PAD
    0x24004814        -       0x00000004   Zero   RW         2780    .bss.ulMaxPRIGROUPValue  port.o
    0x24004818        -       0x00000108   Zero   RW         3270    .bss.usb_frame      raspi.o
    0x24004920        -       0x00000114   Zero   RW         3361    .bss.using_frame    rs485.o
    0x24004a34        -       0x00000004   Zero   RW          969    .bss.uwTick         stm32h7xx_hal.o
    0x24004a38        -       0x00000004   Zero   RW         2578    .bss.uxCurrentNumberOfTasks  tasks.o
    0x24004a3c        -       0x00000004   Zero   RW         2577    .bss.uxDeletedTasksWaitingCleanUp  tasks.o
    0x24004a40        -       0x00000004   Zero   RW         2580    .bss.uxSchedulerSuspended  tasks.o
    0x24004a44        -       0x00000004   Zero   RW         2575    .bss.uxTaskNumber   tasks.o
    0x24004a48        -       0x00000004   Zero   RW         2574    .bss.uxTopReadyPriority  tasks.o
    0x24004a4c        -       0x00000004   Zero   RW         2739    .bss.xBlockAllocatedBit  heap_4.o
    0x24004a50        -       0x00000014   Zero   RW         2592    .bss.xDelayedTaskList1  tasks.o
    0x24004a64        -       0x00000014   Zero   RW         2593    .bss.xDelayedTaskList2  tasks.o
    0x24004a78        -       0x00000004   Zero   RW         2740    .bss.xFreeBytesRemaining  heap_4.o
    0x24004a7c        -       0x00000200   Zero   RW         2822    .bss.xIdleStack     freertos.o
    0x24004c7c        -       0x00000004   Zero   RW         2585    .bss.xIdleTaskHandle  tasks.o
    0x24004c80        -       0x00000054   Zero   RW         2821    .bss.xIdleTaskTCBBuffer  freertos.o
    0x24004cd4        -       0x00000004   Zero   RW         2742    .bss.xMinimumEverFreeBytesRemaining  heap_4.o
    0x24004cd8        -       0x00000004   Zero   RW         2586    .bss.xNextTaskUnblockTime  tasks.o
    0x24004cdc        -       0x00000004   Zero   RW         2591    .bss.xNumOfOverflows  tasks.o
    0x24004ce0        -       0x00000004   Zero   RW         2743    .bss.xNumberOfSuccessfulAllocations  heap_4.o
    0x24004ce4        -       0x00000004   Zero   RW         2744    .bss.xNumberOfSuccessfulFrees  heap_4.o
    0x24004ce8        -       0x00000004   Zero   RW         2588    .bss.xPendedTicks   tasks.o
    0x24004cec        -       0x00000014   Zero   RW         2583    .bss.xPendingReadyList  tasks.o
    0x24004d00        -       0x00000004   Zero   RW         2579    .bss.xSchedulerRunning  tasks.o
    0x24004d04        -       0x00000008   Zero   RW         2741    .bss.xStart         heap_4.o
    0x24004d0c        -       0x00000014   Zero   RW         2582    .bss.xSuspendedTaskList  tasks.o
    0x24004d20        -       0x00000014   Zero   RW         2576    .bss.xTasksWaitingTermination  tasks.o
    0x24004d34        -       0x00000004   Zero   RW         2581    .bss.xTickCount     tasks.o
    0x24004d38        -       0x00000004   Zero   RW         2587    .bss.xYieldPending  tasks.o
    0x24004d3c        -       0x00000004   Zero   RW         3208    .bss.yaw            imu.o
    0x24004d40        -       0x00001000   Zero   RW            1    STACK               startup_stm32h723xx.o


==============================================================================

Image component sizes


      Code (inc. data)   RO Data    RW Data    ZI Data      Debug   Object Name

      3784         16         54          0          3       5709   act.o
       536          0          0          0          0       2733   arm.o
         0          0          0       3840          0       1379   arm_path.o
      1364          8          0         36          4       4102   bmi088driver.o
       168          0          0          0          0       2041   bmi088middleware.o
       590          0          0          0         12       6480   can_bsp.o
      1330         96          0          0        116       3256   carlib.o
       262          0          0          0          0      16348   cmsis_os.o
        94          0        256          0          0       1637   crc.o
      1014         28          0          0        288       3016   dji_motor.o
        76          0          0          0          0       5234   dma.o
       482          0          0          0          0       2739   emm_motor.o
       364          0          0          0        160      10966   fdcan.o
       132          0         40          0        600       2744   freertos.o
       302          0          0          0          0       3030   gpio.o
      1084          0          0          0      30752       4423   heap_4.o
       446          4        248          0         12       1546   imu.o
       296          0          0          0          0       2226   list.o
       780          0          0          0          0       2917   lk_motor.o
       338          0          0          0          0       7959   main.o
      1554          6        600          0          7       4009   motor.o
      1542        104          0          0          1       2598   path.o
      1192          4          0          0          0       2558   pid.o
       996         16          0          4          5       3833   port.o
        28          0          0          0        140       4732   protocol.o
      1304          0         78          1        842       3893   raspi.o
       434          0          0          1        276       2088   rs485.o
       606          0         77          0       3975       1969   shell.o
       814          0          0          0        512      11808   spi.o
        36          8        716          0       4096        836   startup_stm32h723xx.o
       226          0          0          5          4      14627   stm32h7xx_hal.o
       380          0          0          0          0      11278   stm32h7xx_hal_cortex.o
     12446          8          8          0          0      12476   stm32h7xx_hal_dma.o
      5374          0         92          0          0      33530   stm32h7xx_hal_fdcan.o
      1028          0          0          0          0       6992   stm32h7xx_hal_gpio.o
        50          0          0          0          0       5264   stm32h7xx_hal_msp.o
      5182          0          0          0          0      14356   stm32h7xx_hal_pcd.o
       246          0          0          0          0       5509   stm32h7xx_hal_pcd_ex.o
       180          0          0          0          0       9286   stm32h7xx_hal_pwr_ex.o
      4850         66          0          0          0      11406   stm32h7xx_hal_rcc.o
      6398         96          0          0          0      18678   stm32h7xx_hal_rcc_ex.o
      4332          0          0          0          0      19958   stm32h7xx_hal_spi.o
      4212         22          0          0          0      37538   stm32h7xx_hal_tim.o
       404          0          0          0          0      18205   stm32h7xx_hal_tim_ex.o
       200          0          0          0         76       9545   stm32h7xx_hal_timebase_tim.o
     10078        342         24          0          0      29366   stm32h7xx_hal_uart.o
       770          0         16          0          0       8899   stm32h7xx_hal_uart_ex.o
       166          0          0          0          0       1634   stm32h7xx_it.o
      5212          0          0          0          0      19258   stm32h7xx_ll_usb.o
       824          0        450          4        606       6813   system.o
       314          0         16          8          0       5207   system_stm32h7xx.o
      3242          0          5          0        300      20968   tasks.o
       324          0          0          0        152       6982   tim.o
       638          0          0          0        296      11369   usart.o
       122          0          0          0        732       3150   usb_device.o
      2506         12          0        136          0      11054   usbd_cdc.o
       312         36          0         20       4096       2622   usbd_cdc_if.o
      1350          4          0          0       1836      18295   usbd_conf.o
      2130          0          0          0          0       8993   usbd_core.o
      3430         46          0          0          1       8623   usbd_ctlreq.o
       572          0         66         80        512       3492   usbd_desc.o
       232          0          0          0          0       4212   usbd_ioreq.o
       226          0          0          0          0       1196   ws2812.o

    ----------------------------------------------------------------------
    101260        962       2796       4152      50432     529590   Object Totals
         0          0         48          0          0          0   (incl. Generated)
      1356         40          2         17         20          0   (incl. Padding)

    ----------------------------------------------------------------------

      Code (inc. data)   RO Data    RW Data    ZI Data      Debug   Library Member Name

       484         66        152          0          0        348   atan.o
       456         64          0          0          0        180   atan2.o
       176         18          0          0          0        156   cos.o
       196         14         48          0          0        176   cos_i.o
       108         52          0          0          0        696   dunder.o
        24          0          0          0          0        124   fabs.o
        48          0          0          0          0        124   fpclassify.o
        38          0          0          0          0        116   fpclassifyf.o
        74         24          0          0          0        580   funder.o
       112          0          0          0          0        116   poly.o
      2244        252        136          0          0        320   pow.o
      1636        110        320          0          0        372   powf.o
         0          0          8          0          0          0   qnan.o
       776        130        204          0          0        172   rred.o
       176         18          0          0          0        160   sin.o
       160         16         40          0          0        196   sin_i.o
       208          0          0          0          0        280   sqrt.o
        58          0          0          0          0        136   sqrtf.o
        32          6          0          0          0        124   strtof.o
        94          0          0          0          0          0   __dclz77c.o
        28          0          0          0          0         68   _chval.o
        64          0          0          0          0         84   _sgetc.o
       158          0          0          0          0         92   _strtoul.o
         8          4        133          0          0         68   ctype_o.o
         0          0          0          0          0          0   entry.o
         0          0          0          0          0          0   entry10a.o
         0          0          0          0          0          0   entry11a.o
         8          4          0          0          0          0   entry2.o
         4          0          0          0          0          0   entry5.o
         0          0          0          0          0          0   entry7b.o
         0          0          0          0          0          0   entry8b.o
         8          4          0          0          0          0   entry9a.o
        20         10          0          4          0        136   errno.o
        30          0          0          0          0          0   handlers.o
        48         10          0          0          0         68   init.o
        18          0          0          0          0         76   isspace_o.o
         0          0          0          0          0          0   iusefp.o
        30          0          0          0          0         68   llshl.o
        36          0          0          0          0         68   llsshr.o
        32          0          0          0          0         68   llushr.o
        36          0          0          0          0         68   memcpya.o
        36          0          0          0          0        108   memseta.o
      2300         86          0          0          0        516   printfa.o
       878         12          0          0          0        216   scanf_fp.o
        28          0          0          0          0         76   strcmp.o
        18          0          0          0          0         68   strcpy.o
        14          0          0          0          0         68   strlen.o
       168         12          0          0          0        124   strtod.o
         8          0          0          0          0         68   strtof.o
        68          6          0          4          0         80   strtok.o
       112          0          0          0          0         88   strtol.o
        44          0          0          0          0         80   uidiv.o
        98          0          0          0          0         92   uldiv.o
        48          0          0          0          0         68   cdrcmple.o
        56          0          0          0          0         88   d2f.o
       334          0          0          0          0        148   dadd.o
       222          0          0          0          0        100   ddiv.o
       186          0          0          0          0        176   depilogue.o
        48          0          0          0          0         68   dfixul.o
        40          0          0          0          0         80   dfltl.o
        24          0          0          0          0         76   dfltul.o
       228          0          0          0          0         96   dmul.o
        46          0          0          0          0         80   dscalb.o
       110          0          0          0          0        168   fepilogue.o
         4          0          0          0          0         68   fpstat.o

    ----------------------------------------------------------------------
     12784        926       1048          8          0       8040   Library Totals
        38          8          7          0          0          0   (incl. Padding)

    ----------------------------------------------------------------------

      Code (inc. data)   RO Data    RW Data    ZI Data      Debug   Library Name

      7006        770        908          0          0       4376   m_wv.l
      4394        148        133          8          0       2448   mc_w.l
      1346          0          0          0          0       1216   mf_w.l

    ----------------------------------------------------------------------
     12784        926       1048          8          0       8040   Library Totals

    ----------------------------------------------------------------------

==============================================================================


      Code (inc. data)   RO Data    RW Data    ZI Data      Debug   

    114044       1888       3844       4160      50432     531938   Grand Totals
    114044       1888       3844       1216      50432     531938   ELF Image Totals (compressed)
    114044       1888       3844       1216          0          0   ROM Totals

==============================================================================

    Total RO  Size (Code + RO Data)               117888 ( 115.12kB)
    Total RW  Size (RW Data + ZI Data)             54592 (  53.31kB)
    Total ROM Size (Code + RO Data + RW Data)     119104 ( 116.31kB)

==============================================================================

